
> backend@0.0.1 test
> jest

node.exe : (node:70108) Warning: `--localstorage-file` was provided without a valid path
At line:1 char:1
+ & "C:\Program Files\nodejs/node.exe" "C:\Users\jucan\AppData\Roaming\ ...
+ ~~~~~~~~~~~~~~~~~~~~~~~~~~~~~~~~~~~~~~~~~~~~~~~~~~~~~~~~~~~~~~~~~~~~~
    + CategoryInfo          : NotSpecified: ((node:70108) Wa...ut a valid path:String) [], RemoteException
    + FullyQualifiedErrorId : NativeCommandError
 
(Use `node --trace-warnings ...` to show where the warning was created)
PASS src/profile/service/profile.service.spec.ts
(node:28960) Warning: `--localstorage-file` was provided without a valid path
(Use `node --trace-warnings ...` to show where the warning was created)
PASS src/reports/service/report.service.spec.ts
(node:15644) Warning: `--localstorage-file` was provided without a valid path
(Use `node --trace-warnings ...` to show where the warning was created)
FAIL src/places/service/place.service.spec.ts
  ΓùÅ PlaceService - Unit Test ΓÇ║ createPlace ΓÇ║ should throw ConflictException if googlePlaceId already exists

    expect(received).rejects.toThrow()

    Received promise resolved instead of rejected
    Resolved to value: {"_id": "place_123", "address": "123 Mock St", "averageUserRating": 0, "category": "Restaurant", "createdAt": 2026-03-09T22:07:16.619Z, 
"customImages": [], "customTags": [], "description": "A mock restaurant", "googlePlaceId": "ChIJ_mock_001", "name": "Mock Restaurant", "totalUserReviews": 0, 
"updatedAt": 2026-03-09T22:07:16.619Z}

    [0m [90m 105 |[39m       jest[33m.[39mspyOn(repository[33m,[39m [32m'findOne'[39m)[33m.[39mmockResolvedValue(mockPlace [36mas[39m any)[33m;[39m
     [90m 106 |[39m
    [31m[1m>[22m[39m[90m 107 |[39m       [36mawait[39m expect(service[33m.[39mcreatePlace(createDto))
     [90m     |[39m             [31m[1m^[22m[39m
     [90m 108 |[39m         [33m.[39mrejects[33m.[39mtoThrow([33mConflictException[39m)[33m;[39m
     [90m 109 |[39m     })[33m;[39m
     [90m 110 |[39m   })[33m;[39m[0m

      at expect (../../../node_modules/expect/build/index.js:2116:15)
      at Object.<anonymous> (places/service/place.service.spec.ts:107:13)

  ΓùÅ PlaceService - Unit Test ΓÇ║ getAllPlaces ΓÇ║ should search by name with regex

    expect(jest.fn()).toHaveBeenCalledWith(...expected)

    - Expected
    + Received

    - Object {
    -   "name": Object {
    -     "$options": "i",
    -     "$regex": "Pizza",
    -   },
    - }
    + Object {},

    Number of calls: 1

    [0m [90m 144 |[39m       [36mawait[39m service[33m.[39mgetAllPlaces(dto)[33m;[39m
     [90m 145 |[39m
    [31m[1m>[22m[39m[90m 146 |[39m       expect(repository[33m.[39mfindMany)[33m.[39mtoHaveBeenCalledWith({
     [90m     |[39m                                   [31m[1m^[22m[39m
     [90m 147 |[39m         name[33m:[39m { $regex[33m:[39m [32m'Pizza'[39m[33m,[39m $options[33m:[39m [32m'i'[39m }
     [90m 148 |[39m       })[33m;[39m
     [90m 149 |[39m     })[33m;[39m[0m

      at Object.<anonymous> (places/service/place.service.spec.ts:146:35)

  ΓùÅ PlaceService - Unit Test ΓÇ║ getPlace ΓÇ║ should return place by id

    expect(received).toEqual(expected) // deep equality

    Expected: {"_id": "place_123", "address": "123 Mock St", "averageUserRating": 0, "category": "Restaurant", "createdAt": 2026-03-09T22:07:16.619Z, 
"customImages": [], "customTags": [], "description": "A mock restaurant", "googlePlaceId": "ChIJ_mock_001", "name": "Mock Restaurant", "totalUserReviews": 0, 
"updatedAt": 2026-03-09T22:07:16.619Z}
    Received: undefined

    [0m [90m 167 |[39m       [36mconst[39m result [33m=[39m [36mawait[39m service[33m.[39mgetPlace(dto)[33m;[39m
     [90m 168 |[39m
    [31m[1m>[22m[39m[90m 169 |[39m       expect(result)[33m.[39mtoEqual(mockPlace)[33m;[39m
     [90m     |[39m                      [31m[1m^[22m[39m
     [90m 170 |[39m       expect(repository[33m.[39mfindById)[33m.[39mtoHaveBeenCalledWith([32m'place_123'[39m)[33m;[39m [90m// ΓåÉ CORRIGIR[39m
     [90m 171 |[39m     })[33m;[39m
     [90m 172 |[39m[0m

      at Object.<anonymous> (places/service/place.service.spec.ts:169:22)

  ΓùÅ PlaceService - Unit Test ΓÇ║ getPlace ΓÇ║ should throw NotFoundException if place not found

    expect(received).rejects.toThrow()

    Received promise resolved instead of rejected
    Resolved to value: null

    [0m [90m 175 |[39m       jest[33m.[39mspyOn(repository[33m,[39m [32m'findOne'[39m)[33m.[39mmockResolvedValue([36mnull[39m)[33m;[39m
     [90m 176 |[39m
    [31m[1m>[22m[39m[90m 177 |[39m       [36mawait[39m expect(service[33m.[39mgetPlace(dto))
     [90m     |[39m             [31m[1m^[22m[39m
     [90m 178 |[39m         [33m.[39mrejects[33m.[39mtoThrow([33mNotFoundException[39m)[33m;[39m
     [90m 179 |[39m     })[33m;[39m
     [90m 180 |[39m   })[33m;[39m[0m

      at expect (../../../node_modules/expect/build/index.js:2116:15)
      at Object.<anonymous> (places/service/place.service.spec.ts:177:13)

  ΓùÅ PlaceService - Unit Test ΓÇ║ updatePlace ΓÇ║ should update place description

    NotFoundException: Place not found

    [0m [90m 77 |[39m     [36mconst[39m place [33m=[39m [36mawait[39m [36mthis[39m[33m.[39mplaceRepository[33m.[39mfindOne(filter)[33m;[39m
     [90m 78 |[39m     [36mif[39m ([33m![39mplace) {
    [31m[1m>[22m[39m[90m 79 |[39m       [36mthrow[39m [36mnew[39m [33mNotFoundException[39m([32m'Place not found'[39m)[33m;[39m
     [90m    |[39m             [31m[1m^[22m[39m
     [90m 80 |[39m     }
     [90m 81 |[39m
     [90m 82 |[39m     [90m// Remove identifier fields from update[39m[0m

      at PlaceService.updatePlace (places/service/place.service.ts:79:13)
      at Object.<anonymous> (places/service/place.service.spec.ts:192:22)

  ΓùÅ PlaceService - Unit Test ΓÇ║ updatePlace ΓÇ║ should update custom images

    NotFoundException: Place identifier required

    [0m [90m 72 |[39m       filter[33m.[39m_id [33m=[39m dto[33m.[39m_id[33m;[39m
     [90m 73 |[39m     } [36melse[39m {
    [31m[1m>[22m[39m[90m 74 |[39m       [36mthrow[39m [36mnew[39m [33mNotFoundException[39m([32m'Place identifier required'[39m)[33m;[39m
     [90m    |[39m             [31m[1m^[22m[39m
     [90m 75 |[39m     }
     [90m 76 |[39m
     [90m 77 |[39m     [36mconst[39m place [33m=[39m [36mawait[39m [36mthis[39m[33m.[39mplaceRepository[33m.[39mfindOne(filter)[33m;[39m[0m

      at PlaceService.updatePlace (places/service/place.service.ts:74:13)
      at Object.<anonymous> (places/service/place.service.spec.ts:211:21)

  ΓùÅ PlaceService - Unit Test ΓÇ║ deletePlace ΓÇ║ should delete place and return message

    NotFoundException: Place not found

    [0m [90m  99 |[39m
     [90m 100 |[39m     [36mif[39m ([33m![39mplace) {
    [31m[1m>[22m[39m[90m 101 |[39m       [36mthrow[39m [36mnew[39m [33mNotFoundException[39m([32m'Place not found'[39m)[33m;[39m
     [90m     |[39m             [31m[1m^[22m[39m
     [90m 102 |[39m     }
     [90m 103 |[39m
     [90m 104 |[39m     [36mawait[39m [36mthis[39m[33m.[39mplaceRepository[33m.[39m[36mdelete[39m({ googlePlaceId })[33m;[39m[0m

      at PlaceService.deletePlace (places/service/place.service.ts:101:13)
      at Object.<anonymous> (places/service/place.service.spec.ts:239:22)

  ΓùÅ PlaceService - Unit Test ΓÇ║ getAllPlaces - with filters ΓÇ║ should filter by maxPriceLevel

    expect(jest.fn()).toHaveBeenCalledWith(...expected)

    - Expected
    + Received

    - Object {
    -   "priceLevel": Object {
    -     "$lte": 2,
    -   },
    - }
    + Object {},

    Number of calls: 1

    [0m [90m 262 |[39m       [36mawait[39m service[33m.[39mgetAllPlaces(dto)[33m;[39m
     [90m 263 |[39m
    [31m[1m>[22m[39m[90m 264 |[39m       expect(repository[33m.[39mfindMany)[33m.[39mtoHaveBeenCalledWith({
     [90m     |[39m                                   [31m[1m^[22m[39m
     [90m 265 |[39m         priceLevel[33m:[39m { $lte[33m:[39m [35m2[39m }
     [90m 266 |[39m       })[33m;[39m
     [90m 267 |[39m     })[33m;[39m[0m

      at Object.<anonymous> (places/service/place.service.spec.ts:264:35)

  ΓùÅ PlaceService - Unit Test ΓÇ║ getAllPlaces - with filters ΓÇ║ should find places by proximity

    expect(jest.fn()).toHaveBeenCalledWith(...expected)

    Expected: 49.2827, -123.1207, 5000, {}

    Number of calls: 0

    [0m [90m 278 |[39m       [36mconst[39m result [33m=[39m [36mawait[39m service[33m.[39mgetAllPlaces(dto)[33m;[39m
     [90m 279 |[39m
    [31m[1m>[22m[39m[90m 280 |[39m       expect(repository[33m.[39mfindNearby)[33m.[39mtoHaveBeenCalledWith(
     [90m     |[39m                                     [31m[1m^[22m[39m
     [90m 281 |[39m         [35m49.2827[39m[33m,[39m
     [90m 282 |[39m         [33m-[39m[35m123.1207[39m[33m,[39m
     [90m 283 |[39m         [35m5000[39m[33m,[39m[0m

      at Object.<anonymous> (places/service/place.service.spec.ts:280:37)

  ΓùÅ PlaceService - Unit Test ΓÇ║ getAllPlaces - with filters ΓÇ║ should find places by proximity with category filter

    expect(jest.fn()).toHaveBeenCalledWith(...expected)

    Expected: 49.2827, -123.1207, 5000, {"category": "Restaurant"}

    Number of calls: 0

    [0m [90m 299 |[39m       [36mawait[39m service[33m.[39mgetAllPlaces(dto)[33m;[39m
     [90m 300 |[39m
    [31m[1m>[22m[39m[90m 301 |[39m       expect(repository[33m.[39mfindNearby)[33m.[39mtoHaveBeenCalledWith(
     [90m     |[39m                                     [31m[1m^[22m[39m
     [90m 302 |[39m         [35m49.2827[39m[33m,[39m
     [90m 303 |[39m         [33m-[39m[35m123.1207[39m[33m,[39m
     [90m 304 |[39m         [35m5000[39m[33m,[39m[0m

      at Object.<anonymous> (places/service/place.service.spec.ts:301:37)

  ΓùÅ PlaceService - Unit Test ΓÇ║ getAllPlaces - with filters ΓÇ║ should find places by proximity with price filter

    expect(jest.fn()).toHaveBeenCalledWith(...expected)

    Expected: 49.2827, -123.1207, 5000, {"priceLevel": {"$lte": 2}}

    Number of calls: 0

    [0m [90m 318 |[39m       [36mawait[39m service[33m.[39mgetAllPlaces(dto)[33m;[39m
     [90m 319 |[39m
    [31m[1m>[22m[39m[90m 320 |[39m       expect(repository[33m.[39mfindNearby)[33m.[39mtoHaveBeenCalledWith(
     [90m     |[39m                                     [31m[1m^[22m[39m
     [90m 321 |[39m         [35m49.2827[39m[33m,[39m
     [90m 322 |[39m         [33m-[39m[35m123.1207[39m[33m,[39m
     [90m 323 |[39m         [35m5000[39m[33m,[39m [90m// default radius[39m[0m

      at Object.<anonymous> (places/service/place.service.spec.ts:320:37)

(node:26188) Warning: `--localstorage-file` was provided without a valid path
(Use `node --trace-warnings ...` to show where the warning was created)
PASS src/reviews/service/review.service.spec.ts
  ΓùÅ Console

    console.log
      Place place_new - New average: 5, Total reviews: 1

      at ReviewService.updatePlaceRating (reviews/service/review.service.ts:195:13)

(node:65348) Warning: `--localstorage-file` was provided without a valid path
(Use `node --trace-warnings ...` to show where the warning was created)
PASS src/events/service/event.service.spec.ts
PASS src/badges/service/badge.service.spec.ts
PASS src/badges/checker/badge-checker.service.spec.ts
PASS src/app/app.controller.spec.ts
(node:54788) Warning: `--localstorage-file` was provided without a valid path
(Use `node --trace-warnings ...` to show where the warning was created)
PASS src/user/service/user.service.spec.ts
(node:8532) Warning: `--localstorage-file` was provided without a valid path
(Use `node --trace-warnings ...` to show where the warning was created)
PASS src/user/controller/user.controller.spec.ts
(node:72036) Warning: `--localstorage-file` was provided without a valid path
(Use `node --trace-warnings ...` to show where the warning was created)
PASS src/badges/controller/badge.controller.spec.ts
(node:50844) Warning: `--localstorage-file` was provided without a valid path
(Use `node --trace-warnings ...` to show where the warning was created)
(node:53044) Warning: `--localstorage-file` was provided without a valid path
(Use `node --trace-warnings ...` to show where the warning was created)
PASS src/reviews/controller/review.controller.spec.ts
PASS src/profile/controller/profile.controller.spec.ts
PASS src/auth/service/auth.service.spec.ts
(node:58272) Warning: `--localstorage-file` was provided without a valid path
(Use `node --trace-warnings ...` to show where the warning was created)
PASS src/events/controller/event.controller.spec.ts
PASS src/reports/controller/report.controller.spec.ts
(node:28084) Warning: `--localstorage-file` was provided without a valid path
(Use `node --trace-warnings ...` to show where the warning was created)
FAIL src/places/controller/place.controller.spec.ts
  ΓùÅ PlaceController - Unit Test ΓÇ║ should be defined

    Nest can't resolve dependencies of the PlaceController (PlaceService, ?). Please make sure that the argument GooglePlacesService at index [1] is available in 
the RootTestModule context.

    Potential solutions:
    - Is RootTestModule a valid NestJS module?
    - If GooglePlacesService is a provider, is it part of the current RootTestModule?
    - If GooglePlacesService is exported from a separate @Module, is that module imported within RootTestModule?
      @Module({
        imports: [ /* the Module containing GooglePlacesService */ ]
      })

    For more common dependency resolution issues, see: https://docs.nestjs.com/faq/common-errors

    [0m [90m 31 |[39m
     [90m 32 |[39m   beforeEach([36masync[39m () [33m=>[39m {
    [31m[1m>[22m[39m[90m 33 |[39m     [36mconst[39m module[33m:[39m [33mTestingModule[39m [33m=[39m [36mawait[39m 
[33mTest[39m[33m.[39mcreateTestingModule({
     [90m    |[39m                                   [31m[1m^[22m[39m
     [90m 34 |[39m       controllers[33m:[39m [[33mPlaceController[39m][33m,[39m
     [90m 35 |[39m       providers[33m:[39m [
     [90m 36 |[39m         {[0m

      at TestingInjector.lookupComponentInParentModules (../../../node_modules/@nestjs/core/injector/injector.js:290:19)
      at TestingInjector.resolveComponentWrapper (../../../node_modules/@nestjs/testing/testing-injector.js:19:45)
      at resolveParam (../../../node_modules/@nestjs/core/injector/injector.js:140:38)
          at async Promise.all (index 1)
      at TestingInjector.resolveConstructorParams (../../../node_modules/@nestjs/core/injector/injector.js:169:27)
      at TestingInjector.loadInstance (../../../node_modules/@nestjs/core/injector/injector.js:75:13)
      at TestingInjector.loadController (../../../node_modules/@nestjs/core/injector/injector.js:94:9)
      at ../../../node_modules/@nestjs/core/injector/instance-loader.js:68:13
          at async Promise.all (index 0)
      at TestingInstanceLoader.createInstancesOfControllers (../../../node_modules/@nestjs/core/injector/instance-loader.js:67:9)
      at ../../../node_modules/@nestjs/core/injector/instance-loader.js:42:13
          at async Promise.all (index 1)
      at TestingInstanceLoader.createInstances (../../../node_modules/@nestjs/core/injector/instance-loader.js:39:9)
      at TestingInstanceLoader.createInstancesOfDependencies (../../../node_modules/@nestjs/core/injector/instance-loader.js:22:13)
      at TestingInstanceLoader.createInstancesOfDependencies (../../../node_modules/@nestjs/testing/testing-instance-loader.js:9:9)
      at TestingModuleBuilder.createInstancesOfDependencies (../../../node_modules/@nestjs/testing/testing-module.builder.js:118:9)
      at TestingModuleBuilder.compile (../../../node_modules/@nestjs/testing/testing-module.builder.js:74:9)
      at Object.<anonymous> (places/controller/place.controller.spec.ts:33:35)

  ΓùÅ PlaceController - Unit Test ΓÇ║ createPlace ΓÇ║ should create a new place

    Nest can't resolve dependencies of the PlaceController (PlaceService, ?). Please make sure that the argument GooglePlacesService at index [1] is available in 
the RootTestModule context.

    Potential solutions:
    - Is RootTestModule a valid NestJS module?
    - If GooglePlacesService is a provider, is it part of the current RootTestModule?
    - If GooglePlacesService is exported from a separate @Module, is that module imported within RootTestModule?
      @Module({
        imports: [ /* the Module containing GooglePlacesService */ ]
      })

    For more common dependency resolution issues, see: https://docs.nestjs.com/faq/common-errors

    [0m [90m 31 |[39m
     [90m 32 |[39m   beforeEach([36masync[39m () [33m=>[39m {
    [31m[1m>[22m[39m[90m 33 |[39m     [36mconst[39m module[33m:[39m [33mTestingModule[39m [33m=[39m [36mawait[39m 
[33mTest[39m[33m.[39mcreateTestingModule({
     [90m    |[39m                                   [31m[1m^[22m[39m
     [90m 34 |[39m       controllers[33m:[39m [[33mPlaceController[39m][33m,[39m
     [90m 35 |[39m       providers[33m:[39m [
     [90m 36 |[39m         {[0m

      at TestingInjector.lookupComponentInParentModules (../../../node_modules/@nestjs/core/injector/injector.js:290:19)
      at TestingInjector.resolveComponentWrapper (../../../node_modules/@nestjs/testing/testing-injector.js:19:45)
      at resolveParam (../../../node_modules/@nestjs/core/injector/injector.js:140:38)
          at async Promise.all (index 1)
      at TestingInjector.resolveConstructorParams (../../../node_modules/@nestjs/core/injector/injector.js:169:27)
      at TestingInjector.loadInstance (../../../node_modules/@nestjs/core/injector/injector.js:75:13)
      at TestingInjector.loadController (../../../node_modules/@nestjs/core/injector/injector.js:94:9)
      at ../../../node_modules/@nestjs/core/injector/instance-loader.js:68:13
          at async Promise.all (index 0)
      at TestingInstanceLoader.createInstancesOfControllers (../../../node_modules/@nestjs/core/injector/instance-loader.js:67:9)
      at ../../../node_modules/@nestjs/core/injector/instance-loader.js:42:13
          at async Promise.all (index 1)
      at TestingInstanceLoader.createInstances (../../../node_modules/@nestjs/core/injector/instance-loader.js:39:9)
      at TestingInstanceLoader.createInstancesOfDependencies (../../../node_modules/@nestjs/core/injector/instance-loader.js:22:13)
      at TestingInstanceLoader.createInstancesOfDependencies (../../../node_modules/@nestjs/testing/testing-instance-loader.js:9:9)
      at TestingModuleBuilder.createInstancesOfDependencies (../../../node_modules/@nestjs/testing/testing-module.builder.js:118:9)
      at TestingModuleBuilder.compile (../../../node_modules/@nestjs/testing/testing-module.builder.js:74:9)
      at Object.<anonymous> (places/controller/place.controller.spec.ts:33:35)

  ΓùÅ PlaceController - Unit Test ΓÇ║ createPlace ΓÇ║ should handle ConflictException for duplicate googlePlaceId

    Nest can't resolve dependencies of the PlaceController (PlaceService, ?). Please make sure that the argument GooglePlacesService at index [1] is available in 
the RootTestModule context.

    Potential solutions:
    - Is RootTestModule a valid NestJS module?
    - If GooglePlacesService is a provider, is it part of the current RootTestModule?
    - If GooglePlacesService is exported from a separate @Module, is that module imported within RootTestModule?
      @Module({
        imports: [ /* the Module containing GooglePlacesService */ ]
      })

    For more common dependency resolution issues, see: https://docs.nestjs.com/faq/common-errors

    [0m [90m 31 |[39m
     [90m 32 |[39m   beforeEach([36masync[39m () [33m=>[39m {
    [31m[1m>[22m[39m[90m 33 |[39m     [36mconst[39m module[33m:[39m [33mTestingModule[39m [33m=[39m [36mawait[39m 
[33mTest[39m[33m.[39mcreateTestingModule({
     [90m    |[39m                                   [31m[1m^[22m[39m
     [90m 34 |[39m       controllers[33m:[39m [[33mPlaceController[39m][33m,[39m
     [90m 35 |[39m       providers[33m:[39m [
     [90m 36 |[39m         {[0m

      at TestingInjector.lookupComponentInParentModules (../../../node_modules/@nestjs/core/injector/injector.js:290:19)
      at TestingInjector.resolveComponentWrapper (../../../node_modules/@nestjs/testing/testing-injector.js:19:45)
      at resolveParam (../../../node_modules/@nestjs/core/injector/injector.js:140:38)
          at async Promise.all (index 1)
      at TestingInjector.resolveConstructorParams (../../../node_modules/@nestjs/core/injector/injector.js:169:27)
      at TestingInjector.loadInstance (../../../node_modules/@nestjs/core/injector/injector.js:75:13)
      at TestingInjector.loadController (../../../node_modules/@nestjs/core/injector/injector.js:94:9)
      at ../../../node_modules/@nestjs/core/injector/instance-loader.js:68:13
          at async Promise.all (index 0)
      at TestingInstanceLoader.createInstancesOfControllers (../../../node_modules/@nestjs/core/injector/instance-loader.js:67:9)
      at ../../../node_modules/@nestjs/core/injector/instance-loader.js:42:13
          at async Promise.all (index 1)
      at TestingInstanceLoader.createInstances (../../../node_modules/@nestjs/core/injector/instance-loader.js:39:9)
      at TestingInstanceLoader.createInstancesOfDependencies (../../../node_modules/@nestjs/core/injector/instance-loader.js:22:13)
      at TestingInstanceLoader.createInstancesOfDependencies (../../../node_modules/@nestjs/testing/testing-instance-loader.js:9:9)
      at TestingModuleBuilder.createInstancesOfDependencies (../../../node_modules/@nestjs/testing/testing-module.builder.js:118:9)
      at TestingModuleBuilder.compile (../../../node_modules/@nestjs/testing/testing-module.builder.js:74:9)
      at Object.<anonymous> (places/controller/place.controller.spec.ts:33:35)

  ΓùÅ PlaceController - Unit Test ΓÇ║ getPlaces ΓÇ║ should return all places when no filter provided

    Nest can't resolve dependencies of the PlaceController (PlaceService, ?). Please make sure that the argument GooglePlacesService at index [1] is available in 
the RootTestModule context.

    Potential solutions:
    - Is RootTestModule a valid NestJS module?
    - If GooglePlacesService is a provider, is it part of the current RootTestModule?
    - If GooglePlacesService is exported from a separate @Module, is that module imported within RootTestModule?
      @Module({
        imports: [ /* the Module containing GooglePlacesService */ ]
      })

    For more common dependency resolution issues, see: https://docs.nestjs.com/faq/common-errors

    [0m [90m 31 |[39m
     [90m 32 |[39m   beforeEach([36masync[39m () [33m=>[39m {
    [31m[1m>[22m[39m[90m 33 |[39m     [36mconst[39m module[33m:[39m [33mTestingModule[39m [33m=[39m [36mawait[39m 
[33mTest[39m[33m.[39mcreateTestingModule({
     [90m    |[39m                                   [31m[1m^[22m[39m
     [90m 34 |[39m       controllers[33m:[39m [[33mPlaceController[39m][33m,[39m
     [90m 35 |[39m       providers[33m:[39m [
     [90m 36 |[39m         {[0m

      at TestingInjector.lookupComponentInParentModules (../../../node_modules/@nestjs/core/injector/injector.js:290:19)
      at TestingInjector.resolveComponentWrapper (../../../node_modules/@nestjs/testing/testing-injector.js:19:45)
      at resolveParam (../../../node_modules/@nestjs/core/injector/injector.js:140:38)
          at async Promise.all (index 1)
      at TestingInjector.resolveConstructorParams (../../../node_modules/@nestjs/core/injector/injector.js:169:27)
      at TestingInjector.loadInstance (../../../node_modules/@nestjs/core/injector/injector.js:75:13)
      at TestingInjector.loadController (../../../node_modules/@nestjs/core/injector/injector.js:94:9)
      at ../../../node_modules/@nestjs/core/injector/instance-loader.js:68:13
          at async Promise.all (index 0)
      at TestingInstanceLoader.createInstancesOfControllers (../../../node_modules/@nestjs/core/injector/instance-loader.js:67:9)
      at ../../../node_modules/@nestjs/core/injector/instance-loader.js:42:13
          at async Promise.all (index 1)
      at TestingInstanceLoader.createInstances (../../../node_modules/@nestjs/core/injector/instance-loader.js:39:9)
      at TestingInstanceLoader.createInstancesOfDependencies (../../../node_modules/@nestjs/core/injector/instance-loader.js:22:13)
      at TestingInstanceLoader.createInstancesOfDependencies (../../../node_modules/@nestjs/testing/testing-instance-loader.js:9:9)
      at TestingModuleBuilder.createInstancesOfDependencies (../../../node_modules/@nestjs/testing/testing-module.builder.js:118:9)
      at TestingModuleBuilder.compile (../../../node_modules/@nestjs/testing/testing-module.builder.js:74:9)
      at Object.<anonymous> (places/controller/place.controller.spec.ts:33:35)

  ΓùÅ PlaceController - Unit Test ΓÇ║ getPlaces ΓÇ║ should filter places by category

    Nest can't resolve dependencies of the PlaceController (PlaceService, ?). Please make sure that the argument GooglePlacesService at index [1] is available in 
the RootTestModule context.

    Potential solutions:
    - Is RootTestModule a valid NestJS module?
    - If GooglePlacesService is a provider, is it part of the current RootTestModule?
    - If GooglePlacesService is exported from a separate @Module, is that module imported within RootTestModule?
      @Module({
        imports: [ /* the Module containing GooglePlacesService */ ]
      })

    For more common dependency resolution issues, see: https://docs.nestjs.com/faq/common-errors

    [0m [90m 31 |[39m
     [90m 32 |[39m   beforeEach([36masync[39m () [33m=>[39m {
    [31m[1m>[22m[39m[90m 33 |[39m     [36mconst[39m module[33m:[39m [33mTestingModule[39m [33m=[39m [36mawait[39m 
[33mTest[39m[33m.[39mcreateTestingModule({
     [90m    |[39m                                   [31m[1m^[22m[39m
     [90m 34 |[39m       controllers[33m:[39m [[33mPlaceController[39m][33m,[39m
     [90m 35 |[39m       providers[33m:[39m [
     [90m 36 |[39m         {[0m

      at TestingInjector.lookupComponentInParentModules (../../../node_modules/@nestjs/core/injector/injector.js:290:19)
      at TestingInjector.resolveComponentWrapper (../../../node_modules/@nestjs/testing/testing-injector.js:19:45)
      at resolveParam (../../../node_modules/@nestjs/core/injector/injector.js:140:38)
          at async Promise.all (index 1)
      at TestingInjector.resolveConstructorParams (../../../node_modules/@nestjs/core/injector/injector.js:169:27)
      at TestingInjector.loadInstance (../../../node_modules/@nestjs/core/injector/injector.js:75:13)
      at TestingInjector.loadController (../../../node_modules/@nestjs/core/injector/injector.js:94:9)
      at ../../../node_modules/@nestjs/core/injector/instance-loader.js:68:13
          at async Promise.all (index 0)
      at TestingInstanceLoader.createInstancesOfControllers (../../../node_modules/@nestjs/core/injector/instance-loader.js:67:9)
      at ../../../node_modules/@nestjs/core/injector/instance-loader.js:42:13
          at async Promise.all (index 1)
      at TestingInstanceLoader.createInstances (../../../node_modules/@nestjs/core/injector/instance-loader.js:39:9)
      at TestingInstanceLoader.createInstancesOfDependencies (../../../node_modules/@nestjs/core/injector/instance-loader.js:22:13)
      at TestingInstanceLoader.createInstancesOfDependencies (../../../node_modules/@nestjs/testing/testing-instance-loader.js:9:9)
      at TestingModuleBuilder.createInstancesOfDependencies (../../../node_modules/@nestjs/testing/testing-module.builder.js:118:9)
      at TestingModuleBuilder.compile (../../../node_modules/@nestjs/testing/testing-module.builder.js:74:9)
      at Object.<anonymous> (places/controller/place.controller.spec.ts:33:35)

  ΓùÅ PlaceController - Unit Test ΓÇ║ getPlaces ΓÇ║ should filter places by googlePlaceId

    Nest can't resolve dependencies of the PlaceController (PlaceService, ?). Please make sure that the argument GooglePlacesService at index [1] is available in 
the RootTestModule context.

    Potential solutions:
    - Is RootTestModule a valid NestJS module?
    - If GooglePlacesService is a provider, is it part of the current RootTestModule?
    - If GooglePlacesService is exported from a separate @Module, is that module imported within RootTestModule?
      @Module({
        imports: [ /* the Module containing GooglePlacesService */ ]
      })

    For more common dependency resolution issues, see: https://docs.nestjs.com/faq/common-errors

    [0m [90m 31 |[39m
     [90m 32 |[39m   beforeEach([36masync[39m () [33m=>[39m {
    [31m[1m>[22m[39m[90m 33 |[39m     [36mconst[39m module[33m:[39m [33mTestingModule[39m [33m=[39m [36mawait[39m 
[33mTest[39m[33m.[39mcreateTestingModule({
     [90m    |[39m                                   [31m[1m^[22m[39m
     [90m 34 |[39m       controllers[33m:[39m [[33mPlaceController[39m][33m,[39m
     [90m 35 |[39m       providers[33m:[39m [
     [90m 36 |[39m         {[0m

      at TestingInjector.lookupComponentInParentModules (../../../node_modules/@nestjs/core/injector/injector.js:290:19)
      at TestingInjector.resolveComponentWrapper (../../../node_modules/@nestjs/testing/testing-injector.js:19:45)
      at resolveParam (../../../node_modules/@nestjs/core/injector/injector.js:140:38)
          at async Promise.all (index 1)
      at TestingInjector.resolveConstructorParams (../../../node_modules/@nestjs/core/injector/injector.js:169:27)
      at TestingInjector.loadInstance (../../../node_modules/@nestjs/core/injector/injector.js:75:13)
      at TestingInjector.loadController (../../../node_modules/@nestjs/core/injector/injector.js:94:9)
      at ../../../node_modules/@nestjs/core/injector/instance-loader.js:68:13
          at async Promise.all (index 0)
      at TestingInstanceLoader.createInstancesOfControllers (../../../node_modules/@nestjs/core/injector/instance-loader.js:67:9)
      at ../../../node_modules/@nestjs/core/injector/instance-loader.js:42:13
          at async Promise.all (index 1)
      at TestingInstanceLoader.createInstances (../../../node_modules/@nestjs/core/injector/instance-loader.js:39:9)
      at TestingInstanceLoader.createInstancesOfDependencies (../../../node_modules/@nestjs/core/injector/instance-loader.js:22:13)
      at TestingInstanceLoader.createInstancesOfDependencies (../../../node_modules/@nestjs/testing/testing-instance-loader.js:9:9)
      at TestingModuleBuilder.createInstancesOfDependencies (../../../node_modules/@nestjs/testing/testing-module.builder.js:118:9)
      at TestingModuleBuilder.compile (../../../node_modules/@nestjs/testing/testing-module.builder.js:74:9)
      at Object.<anonymous> (places/controller/place.controller.spec.ts:33:35)

  ΓùÅ PlaceController - Unit Test ΓÇ║ getPlace ΓÇ║ should return place by googlePlaceId

    Nest can't resolve dependencies of the PlaceController (PlaceService, ?). Please make sure that the argument GooglePlacesService at index [1] is available in 
the RootTestModule context.

    Potential solutions:
    - Is RootTestModule a valid NestJS module?
    - If GooglePlacesService is a provider, is it part of the current RootTestModule?
    - If GooglePlacesService is exported from a separate @Module, is that module imported within RootTestModule?
      @Module({
        imports: [ /* the Module containing GooglePlacesService */ ]
      })

    For more common dependency resolution issues, see: https://docs.nestjs.com/faq/common-errors

    [0m [90m 31 |[39m
     [90m 32 |[39m   beforeEach([36masync[39m () [33m=>[39m {
    [31m[1m>[22m[39m[90m 33 |[39m     [36mconst[39m module[33m:[39m [33mTestingModule[39m [33m=[39m [36mawait[39m 
[33mTest[39m[33m.[39mcreateTestingModule({
     [90m    |[39m                                   [31m[1m^[22m[39m
     [90m 34 |[39m       controllers[33m:[39m [[33mPlaceController[39m][33m,[39m
     [90m 35 |[39m       providers[33m:[39m [
     [90m 36 |[39m         {[0m

      at TestingInjector.lookupComponentInParentModules (../../../node_modules/@nestjs/core/injector/injector.js:290:19)
      at TestingInjector.resolveComponentWrapper (../../../node_modules/@nestjs/testing/testing-injector.js:19:45)
      at resolveParam (../../../node_modules/@nestjs/core/injector/injector.js:140:38)
          at async Promise.all (index 1)
      at TestingInjector.resolveConstructorParams (../../../node_modules/@nestjs/core/injector/injector.js:169:27)
      at TestingInjector.loadInstance (../../../node_modules/@nestjs/core/injector/injector.js:75:13)
      at TestingInjector.loadController (../../../node_modules/@nestjs/core/injector/injector.js:94:9)
      at ../../../node_modules/@nestjs/core/injector/instance-loader.js:68:13
          at async Promise.all (index 0)
      at TestingInstanceLoader.createInstancesOfControllers (../../../node_modules/@nestjs/core/injector/instance-loader.js:67:9)
      at ../../../node_modules/@nestjs/core/injector/instance-loader.js:42:13
          at async Promise.all (index 1)
      at TestingInstanceLoader.createInstances (../../../node_modules/@nestjs/core/injector/instance-loader.js:39:9)
      at TestingInstanceLoader.createInstancesOfDependencies (../../../node_modules/@nestjs/core/injector/instance-loader.js:22:13)
      at TestingInstanceLoader.createInstancesOfDependencies (../../../node_modules/@nestjs/testing/testing-instance-loader.js:9:9)
      at TestingModuleBuilder.createInstancesOfDependencies (../../../node_modules/@nestjs/testing/testing-module.builder.js:118:9)
      at TestingModuleBuilder.compile (../../../node_modules/@nestjs/testing/testing-module.builder.js:74:9)
      at Object.<anonymous> (places/controller/place.controller.spec.ts:33:35)

  ΓùÅ PlaceController - Unit Test ΓÇ║ getPlace ΓÇ║ should filter places by maxPriceLevel

    Nest can't resolve dependencies of the PlaceController (PlaceService, ?). Please make sure that the argument GooglePlacesService at index [1] is available in 
the RootTestModule context.

    Potential solutions:
    - Is RootTestModule a valid NestJS module?
    - If GooglePlacesService is a provider, is it part of the current RootTestModule?
    - If GooglePlacesService is exported from a separate @Module, is that module imported within RootTestModule?
      @Module({
        imports: [ /* the Module containing GooglePlacesService */ ]
      })

    For more common dependency resolution issues, see: https://docs.nestjs.com/faq/common-errors

    [0m [90m 31 |[39m
     [90m 32 |[39m   beforeEach([36masync[39m () [33m=>[39m {
    [31m[1m>[22m[39m[90m 33 |[39m     [36mconst[39m module[33m:[39m [33mTestingModule[39m [33m=[39m [36mawait[39m 
[33mTest[39m[33m.[39mcreateTestingModule({
     [90m    |[39m                                   [31m[1m^[22m[39m
     [90m 34 |[39m       controllers[33m:[39m [[33mPlaceController[39m][33m,[39m
     [90m 35 |[39m       providers[33m:[39m [
     [90m 36 |[39m         {[0m

      at TestingInjector.lookupComponentInParentModules (../../../node_modules/@nestjs/core/injector/injector.js:290:19)
      at TestingInjector.resolveComponentWrapper (../../../node_modules/@nestjs/testing/testing-injector.js:19:45)
      at resolveParam (../../../node_modules/@nestjs/core/injector/injector.js:140:38)
          at async Promise.all (index 1)
      at TestingInjector.resolveConstructorParams (../../../node_modules/@nestjs/core/injector/injector.js:169:27)
      at TestingInjector.loadInstance (../../../node_modules/@nestjs/core/injector/injector.js:75:13)
      at TestingInjector.loadController (../../../node_modules/@nestjs/core/injector/injector.js:94:9)
      at ../../../node_modules/@nestjs/core/injector/instance-loader.js:68:13
          at async Promise.all (index 0)
      at TestingInstanceLoader.createInstancesOfControllers (../../../node_modules/@nestjs/core/injector/instance-loader.js:67:9)
      at ../../../node_modules/@nestjs/core/injector/instance-loader.js:42:13
          at async Promise.all (index 1)
      at TestingInstanceLoader.createInstances (../../../node_modules/@nestjs/core/injector/instance-loader.js:39:9)
      at TestingInstanceLoader.createInstancesOfDependencies (../../../node_modules/@nestjs/core/injector/instance-loader.js:22:13)
      at TestingInstanceLoader.createInstancesOfDependencies (../../../node_modules/@nestjs/testing/testing-instance-loader.js:9:9)
      at TestingModuleBuilder.createInstancesOfDependencies (../../../node_modules/@nestjs/testing/testing-module.builder.js:118:9)
      at TestingModuleBuilder.compile (../../../node_modules/@nestjs/testing/testing-module.builder.js:74:9)
      at Object.<anonymous> (places/controller/place.controller.spec.ts:33:35)

  ΓùÅ PlaceController - Unit Test ΓÇ║ getPlace ΓÇ║ should filter places by location proximity

    Nest can't resolve dependencies of the PlaceController (PlaceService, ?). Please make sure that the argument GooglePlacesService at index [1] is available in 
the RootTestModule context.

    Potential solutions:
    - Is RootTestModule a valid NestJS module?
    - If GooglePlacesService is a provider, is it part of the current RootTestModule?
    - If GooglePlacesService is exported from a separate @Module, is that module imported within RootTestModule?
      @Module({
        imports: [ /* the Module containing GooglePlacesService */ ]
      })

    For more common dependency resolution issues, see: https://docs.nestjs.com/faq/common-errors

    [0m [90m 31 |[39m
     [90m 32 |[39m   beforeEach([36masync[39m () [33m=>[39m {
    [31m[1m>[22m[39m[90m 33 |[39m     [36mconst[39m module[33m:[39m [33mTestingModule[39m [33m=[39m [36mawait[39m 
[33mTest[39m[33m.[39mcreateTestingModule({
     [90m    |[39m                                   [31m[1m^[22m[39m
     [90m 34 |[39m       controllers[33m:[39m [[33mPlaceController[39m][33m,[39m
     [90m 35 |[39m       providers[33m:[39m [
     [90m 36 |[39m         {[0m

      at TestingInjector.lookupComponentInParentModules (../../../node_modules/@nestjs/core/injector/injector.js:290:19)
      at TestingInjector.resolveComponentWrapper (../../../node_modules/@nestjs/testing/testing-injector.js:19:45)
      at resolveParam (../../../node_modules/@nestjs/core/injector/injector.js:140:38)
          at async Promise.all (index 1)
      at TestingInjector.resolveConstructorParams (../../../node_modules/@nestjs/core/injector/injector.js:169:27)
      at TestingInjector.loadInstance (../../../node_modules/@nestjs/core/injector/injector.js:75:13)
      at TestingInjector.loadController (../../../node_modules/@nestjs/core/injector/injector.js:94:9)
      at ../../../node_modules/@nestjs/core/injector/instance-loader.js:68:13
          at async Promise.all (index 0)
      at TestingInstanceLoader.createInstancesOfControllers (../../../node_modules/@nestjs/core/injector/instance-loader.js:67:9)
      at ../../../node_modules/@nestjs/core/injector/instance-loader.js:42:13
          at async Promise.all (index 1)
      at TestingInstanceLoader.createInstances (../../../node_modules/@nestjs/core/injector/instance-loader.js:39:9)
      at TestingInstanceLoader.createInstancesOfDependencies (../../../node_modules/@nestjs/core/injector/instance-loader.js:22:13)
      at TestingInstanceLoader.createInstancesOfDependencies (../../../node_modules/@nestjs/testing/testing-instance-loader.js:9:9)
      at TestingModuleBuilder.createInstancesOfDependencies (../../../node_modules/@nestjs/testing/testing-module.builder.js:118:9)
      at TestingModuleBuilder.compile (../../../node_modules/@nestjs/testing/testing-module.builder.js:74:9)
      at Object.<anonymous> (places/controller/place.controller.spec.ts:33:35)

  ΓùÅ PlaceController - Unit Test ΓÇ║ getPlace ΓÇ║ should filter places by combined filters (location + category + price)

    Nest can't resolve dependencies of the PlaceController (PlaceService, ?). Please make sure that the argument GooglePlacesService at index [1] is available in 
the RootTestModule context.

    Potential solutions:
    - Is RootTestModule a valid NestJS module?
    - If GooglePlacesService is a provider, is it part of the current RootTestModule?
    - If GooglePlacesService is exported from a separate @Module, is that module imported within RootTestModule?
      @Module({
        imports: [ /* the Module containing GooglePlacesService */ ]
      })

    For more common dependency resolution issues, see: https://docs.nestjs.com/faq/common-errors

    [0m [90m 31 |[39m
     [90m 32 |[39m   beforeEach([36masync[39m () [33m=>[39m {
    [31m[1m>[22m[39m[90m 33 |[39m     [36mconst[39m module[33m:[39m [33mTestingModule[39m [33m=[39m [36mawait[39m 
[33mTest[39m[33m.[39mcreateTestingModule({
     [90m    |[39m                                   [31m[1m^[22m[39m
     [90m 34 |[39m       controllers[33m:[39m [[33mPlaceController[39m][33m,[39m
     [90m 35 |[39m       providers[33m:[39m [
     [90m 36 |[39m         {[0m

      at TestingInjector.lookupComponentInParentModules (../../../node_modules/@nestjs/core/injector/injector.js:290:19)
      at TestingInjector.resolveComponentWrapper (../../../node_modules/@nestjs/testing/testing-injector.js:19:45)
      at resolveParam (../../../node_modules/@nestjs/core/injector/injector.js:140:38)
          at async Promise.all (index 1)
      at TestingInjector.resolveConstructorParams (../../../node_modules/@nestjs/core/injector/injector.js:169:27)
      at TestingInjector.loadInstance (../../../node_modules/@nestjs/core/injector/injector.js:75:13)
      at TestingInjector.loadController (../../../node_modules/@nestjs/core/injector/injector.js:94:9)
      at ../../../node_modules/@nestjs/core/injector/instance-loader.js:68:13
          at async Promise.all (index 0)
      at TestingInstanceLoader.createInstancesOfControllers (../../../node_modules/@nestjs/core/injector/instance-loader.js:67:9)
      at ../../../node_modules/@nestjs/core/injector/instance-loader.js:42:13
          at async Promise.all (index 1)
      at TestingInstanceLoader.createInstances (../../../node_modules/@nestjs/core/injector/instance-loader.js:39:9)
      at TestingInstanceLoader.createInstancesOfDependencies (../../../node_modules/@nestjs/core/injector/instance-loader.js:22:13)
      at TestingInstanceLoader.createInstancesOfDependencies (../../../node_modules/@nestjs/testing/testing-instance-loader.js:9:9)
      at TestingModuleBuilder.createInstancesOfDependencies (../../../node_modules/@nestjs/testing/testing-module.builder.js:118:9)
      at TestingModuleBuilder.compile (../../../node_modules/@nestjs/testing/testing-module.builder.js:74:9)
      at Object.<anonymous> (places/controller/place.controller.spec.ts:33:35)

  ΓùÅ PlaceController - Unit Test ΓÇ║ getPlace ΓÇ║ should return place by id

    Nest can't resolve dependencies of the PlaceController (PlaceService, ?). Please make sure that the argument GooglePlacesService at index [1] is available in 
the RootTestModule context.

    Potential solutions:
    - Is RootTestModule a valid NestJS module?
    - If GooglePlacesService is a provider, is it part of the current RootTestModule?
    - If GooglePlacesService is exported from a separate @Module, is that module imported within RootTestModule?
      @Module({
        imports: [ /* the Module containing GooglePlacesService */ ]
      })

    For more common dependency resolution issues, see: https://docs.nestjs.com/faq/common-errors

    [0m [90m 31 |[39m
     [90m 32 |[39m   beforeEach([36masync[39m () [33m=>[39m {
    [31m[1m>[22m[39m[90m 33 |[39m     [36mconst[39m module[33m:[39m [33mTestingModule[39m [33m=[39m [36mawait[39m 
[33mTest[39m[33m.[39mcreateTestingModule({
     [90m    |[39m                                   [31m[1m^[22m[39m
     [90m 34 |[39m       controllers[33m:[39m [[33mPlaceController[39m][33m,[39m
     [90m 35 |[39m       providers[33m:[39m [
     [90m 36 |[39m         {[0m

      at TestingInjector.lookupComponentInParentModules (../../../node_modules/@nestjs/core/injector/injector.js:290:19)
      at TestingInjector.resolveComponentWrapper (../../../node_modules/@nestjs/testing/testing-injector.js:19:45)
      at resolveParam (../../../node_modules/@nestjs/core/injector/injector.js:140:38)
          at async Promise.all (index 1)
      at TestingInjector.resolveConstructorParams (../../../node_modules/@nestjs/core/injector/injector.js:169:27)
      at TestingInjector.loadInstance (../../../node_modules/@nestjs/core/injector/injector.js:75:13)
      at TestingInjector.loadController (../../../node_modules/@nestjs/core/injector/injector.js:94:9)
      at ../../../node_modules/@nestjs/core/injector/instance-loader.js:68:13
          at async Promise.all (index 0)
      at TestingInstanceLoader.createInstancesOfControllers (../../../node_modules/@nestjs/core/injector/instance-loader.js:67:9)
      at ../../../node_modules/@nestjs/core/injector/instance-loader.js:42:13
          at async Promise.all (index 1)
      at TestingInstanceLoader.createInstances (../../../node_modules/@nestjs/core/injector/instance-loader.js:39:9)
      at TestingInstanceLoader.createInstancesOfDependencies (../../../node_modules/@nestjs/core/injector/instance-loader.js:22:13)
      at TestingInstanceLoader.createInstancesOfDependencies (../../../node_modules/@nestjs/testing/testing-instance-loader.js:9:9)
      at TestingModuleBuilder.createInstancesOfDependencies (../../../node_modules/@nestjs/testing/testing-module.builder.js:118:9)
      at TestingModuleBuilder.compile (../../../node_modules/@nestjs/testing/testing-module.builder.js:74:9)
      at Object.<anonymous> (places/controller/place.controller.spec.ts:33:35)

  ΓùÅ PlaceController - Unit Test ΓÇ║ getPlace ΓÇ║ should throw BadRequestException if no params provided

    Nest can't resolve dependencies of the PlaceController (PlaceService, ?). Please make sure that the argument GooglePlacesService at index [1] is available in 
the RootTestModule context.

    Potential solutions:
    - Is RootTestModule a valid NestJS module?
    - If GooglePlacesService is a provider, is it part of the current RootTestModule?
    - If GooglePlacesService is exported from a separate @Module, is that module imported within RootTestModule?
      @Module({
        imports: [ /* the Module containing GooglePlacesService */ ]
      })

    For more common dependency resolution issues, see: https://docs.nestjs.com/faq/common-errors

    [0m [90m 31 |[39m
     [90m 32 |[39m   beforeEach([36masync[39m () [33m=>[39m {
    [31m[1m>[22m[39m[90m 33 |[39m     [36mconst[39m module[33m:[39m [33mTestingModule[39m [33m=[39m [36mawait[39m 
[33mTest[39m[33m.[39mcreateTestingModule({
     [90m    |[39m                                   [31m[1m^[22m[39m
     [90m 34 |[39m       controllers[33m:[39m [[33mPlaceController[39m][33m,[39m
     [90m 35 |[39m       providers[33m:[39m [
     [90m 36 |[39m         {[0m

      at TestingInjector.lookupComponentInParentModules (../../../node_modules/@nestjs/core/injector/injector.js:290:19)
      at TestingInjector.resolveComponentWrapper (../../../node_modules/@nestjs/testing/testing-injector.js:19:45)
      at resolveParam (../../../node_modules/@nestjs/core/injector/injector.js:140:38)
          at async Promise.all (index 1)
      at TestingInjector.resolveConstructorParams (../../../node_modules/@nestjs/core/injector/injector.js:169:27)
      at TestingInjector.loadInstance (../../../node_modules/@nestjs/core/injector/injector.js:75:13)
      at TestingInjector.loadController (../../../node_modules/@nestjs/core/injector/injector.js:94:9)
      at ../../../node_modules/@nestjs/core/injector/instance-loader.js:68:13
          at async Promise.all (index 0)
      at TestingInstanceLoader.createInstancesOfControllers (../../../node_modules/@nestjs/core/injector/instance-loader.js:67:9)
      at ../../../node_modules/@nestjs/core/injector/instance-loader.js:42:13
          at async Promise.all (index 1)
      at TestingInstanceLoader.createInstances (../../../node_modules/@nestjs/core/injector/instance-loader.js:39:9)
      at TestingInstanceLoader.createInstancesOfDependencies (../../../node_modules/@nestjs/core/injector/instance-loader.js:22:13)
      at TestingInstanceLoader.createInstancesOfDependencies (../../../node_modules/@nestjs/testing/testing-instance-loader.js:9:9)
      at TestingModuleBuilder.createInstancesOfDependencies (../../../node_modules/@nestjs/testing/testing-module.builder.js:118:9)
      at TestingModuleBuilder.compile (../../../node_modules/@nestjs/testing/testing-module.builder.js:74:9)
      at Object.<anonymous> (places/controller/place.controller.spec.ts:33:35)

  ΓùÅ PlaceController - Unit Test ΓÇ║ getPlace ΓÇ║ should throw NotFoundException if place not found

    Nest can't resolve dependencies of the PlaceController (PlaceService, ?). Please make sure that the argument GooglePlacesService at index [1] is available in 
the RootTestModule context.

    Potential solutions:
    - Is RootTestModule a valid NestJS module?
    - If GooglePlacesService is a provider, is it part of the current RootTestModule?
    - If GooglePlacesService is exported from a separate @Module, is that module imported within RootTestModule?
      @Module({
        imports: [ /* the Module containing GooglePlacesService */ ]
      })

    For more common dependency resolution issues, see: https://docs.nestjs.com/faq/common-errors

    [0m [90m 31 |[39m
     [90m 32 |[39m   beforeEach([36masync[39m () [33m=>[39m {
    [31m[1m>[22m[39m[90m 33 |[39m     [36mconst[39m module[33m:[39m [33mTestingModule[39m [33m=[39m [36mawait[39m 
[33mTest[39m[33m.[39mcreateTestingModule({
     [90m    |[39m                                   [31m[1m^[22m[39m
     [90m 34 |[39m       controllers[33m:[39m [[33mPlaceController[39m][33m,[39m
     [90m 35 |[39m       providers[33m:[39m [
     [90m 36 |[39m         {[0m

      at TestingInjector.lookupComponentInParentModules (../../../node_modules/@nestjs/core/injector/injector.js:290:19)
      at TestingInjector.resolveComponentWrapper (../../../node_modules/@nestjs/testing/testing-injector.js:19:45)
      at resolveParam (../../../node_modules/@nestjs/core/injector/injector.js:140:38)
          at async Promise.all (index 1)
      at TestingInjector.resolveConstructorParams (../../../node_modules/@nestjs/core/injector/injector.js:169:27)
      at TestingInjector.loadInstance (../../../node_modules/@nestjs/core/injector/injector.js:75:13)
      at TestingInjector.loadController (../../../node_modules/@nestjs/core/injector/injector.js:94:9)
      at ../../../node_modules/@nestjs/core/injector/instance-loader.js:68:13
          at async Promise.all (index 0)
      at TestingInstanceLoader.createInstancesOfControllers (../../../node_modules/@nestjs/core/injector/instance-loader.js:67:9)
      at ../../../node_modules/@nestjs/core/injector/instance-loader.js:42:13
          at async Promise.all (index 1)
      at TestingInstanceLoader.createInstances (../../../node_modules/@nestjs/core/injector/instance-loader.js:39:9)
      at TestingInstanceLoader.createInstancesOfDependencies (../../../node_modules/@nestjs/core/injector/instance-loader.js:22:13)
      at TestingInstanceLoader.createInstancesOfDependencies (../../../node_modules/@nestjs/testing/testing-instance-loader.js:9:9)
      at TestingModuleBuilder.createInstancesOfDependencies (../../../node_modules/@nestjs/testing/testing-module.builder.js:118:9)
      at TestingModuleBuilder.compile (../../../node_modules/@nestjs/testing/testing-module.builder.js:74:9)
      at Object.<anonymous> (places/controller/place.controller.spec.ts:33:35)

  ΓùÅ PlaceController - Unit Test ΓÇ║ updatePlace ΓÇ║ should update place description

    Nest can't resolve dependencies of the PlaceController (PlaceService, ?). Please make sure that the argument GooglePlacesService at index [1] is available in 
the RootTestModule context.

    Potential solutions:
    - Is RootTestModule a valid NestJS module?
    - If GooglePlacesService is a provider, is it part of the current RootTestModule?
    - If GooglePlacesService is exported from a separate @Module, is that module imported within RootTestModule?
      @Module({
        imports: [ /* the Module containing GooglePlacesService */ ]
      })

    For more common dependency resolution issues, see: https://docs.nestjs.com/faq/common-errors

    [0m [90m 31 |[39m
     [90m 32 |[39m   beforeEach([36masync[39m () [33m=>[39m {
    [31m[1m>[22m[39m[90m 33 |[39m     [36mconst[39m module[33m:[39m [33mTestingModule[39m [33m=[39m [36mawait[39m 
[33mTest[39m[33m.[39mcreateTestingModule({
     [90m    |[39m                                   [31m[1m^[22m[39m
     [90m 34 |[39m       controllers[33m:[39m [[33mPlaceController[39m][33m,[39m
     [90m 35 |[39m       providers[33m:[39m [
     [90m 36 |[39m         {[0m

      at TestingInjector.lookupComponentInParentModules (../../../node_modules/@nestjs/core/injector/injector.js:290:19)
      at TestingInjector.resolveComponentWrapper (../../../node_modules/@nestjs/testing/testing-injector.js:19:45)
      at resolveParam (../../../node_modules/@nestjs/core/injector/injector.js:140:38)
          at async Promise.all (index 1)
      at TestingInjector.resolveConstructorParams (../../../node_modules/@nestjs/core/injector/injector.js:169:27)
      at TestingInjector.loadInstance (../../../node_modules/@nestjs/core/injector/injector.js:75:13)
      at TestingInjector.loadController (../../../node_modules/@nestjs/core/injector/injector.js:94:9)
      at ../../../node_modules/@nestjs/core/injector/instance-loader.js:68:13
          at async Promise.all (index 0)
      at TestingInstanceLoader.createInstancesOfControllers (../../../node_modules/@nestjs/core/injector/instance-loader.js:67:9)
      at ../../../node_modules/@nestjs/core/injector/instance-loader.js:42:13
          at async Promise.all (index 1)
      at TestingInstanceLoader.createInstances (../../../node_modules/@nestjs/core/injector/instance-loader.js:39:9)
      at TestingInstanceLoader.createInstancesOfDependencies (../../../node_modules/@nestjs/core/injector/instance-loader.js:22:13)
      at TestingInstanceLoader.createInstancesOfDependencies (../../../node_modules/@nestjs/testing/testing-instance-loader.js:9:9)
      at TestingModuleBuilder.createInstancesOfDependencies (../../../node_modules/@nestjs/testing/testing-module.builder.js:118:9)
      at TestingModuleBuilder.compile (../../../node_modules/@nestjs/testing/testing-module.builder.js:74:9)
      at Object.<anonymous> (places/controller/place.controller.spec.ts:33:35)

  ΓùÅ PlaceController - Unit Test ΓÇ║ updatePlace ΓÇ║ should update custom images

    Nest can't resolve dependencies of the PlaceController (PlaceService, ?). Please make sure that the argument GooglePlacesService at index [1] is available in 
the RootTestModule context.

    Potential solutions:
    - Is RootTestModule a valid NestJS module?
    - If GooglePlacesService is a provider, is it part of the current RootTestModule?
    - If GooglePlacesService is exported from a separate @Module, is that module imported within RootTestModule?
      @Module({
        imports: [ /* the Module containing GooglePlacesService */ ]
      })

    For more common dependency resolution issues, see: https://docs.nestjs.com/faq/common-errors

    [0m [90m 31 |[39m
     [90m 32 |[39m   beforeEach([36masync[39m () [33m=>[39m {
    [31m[1m>[22m[39m[90m 33 |[39m     [36mconst[39m module[33m:[39m [33mTestingModule[39m [33m=[39m [36mawait[39m 
[33mTest[39m[33m.[39mcreateTestingModule({
     [90m    |[39m                                   [31m[1m^[22m[39m
     [90m 34 |[39m       controllers[33m:[39m [[33mPlaceController[39m][33m,[39m
     [90m 35 |[39m       providers[33m:[39m [
     [90m 36 |[39m         {[0m

      at TestingInjector.lookupComponentInParentModules (../../../node_modules/@nestjs/core/injector/injector.js:290:19)
      at TestingInjector.resolveComponentWrapper (../../../node_modules/@nestjs/testing/testing-injector.js:19:45)
      at resolveParam (../../../node_modules/@nestjs/core/injector/injector.js:140:38)
          at async Promise.all (index 1)
      at TestingInjector.resolveConstructorParams (../../../node_modules/@nestjs/core/injector/injector.js:169:27)
      at TestingInjector.loadInstance (../../../node_modules/@nestjs/core/injector/injector.js:75:13)
      at TestingInjector.loadController (../../../node_modules/@nestjs/core/injector/injector.js:94:9)
      at ../../../node_modules/@nestjs/core/injector/instance-loader.js:68:13
          at async Promise.all (index 0)
      at TestingInstanceLoader.createInstancesOfControllers (../../../node_modules/@nestjs/core/injector/instance-loader.js:67:9)
      at ../../../node_modules/@nestjs/core/injector/instance-loader.js:42:13
          at async Promise.all (index 1)
      at TestingInstanceLoader.createInstances (../../../node_modules/@nestjs/core/injector/instance-loader.js:39:9)
      at TestingInstanceLoader.createInstancesOfDependencies (../../../node_modules/@nestjs/core/injector/instance-loader.js:22:13)
      at TestingInstanceLoader.createInstancesOfDependencies (../../../node_modules/@nestjs/testing/testing-instance-loader.js:9:9)
      at TestingModuleBuilder.createInstancesOfDependencies (../../../node_modules/@nestjs/testing/testing-module.builder.js:118:9)
      at TestingModuleBuilder.compile (../../../node_modules/@nestjs/testing/testing-module.builder.js:74:9)
      at Object.<anonymous> (places/controller/place.controller.spec.ts:33:35)

  ΓùÅ PlaceController - Unit Test ΓÇ║ updatePlace ΓÇ║ should throw BadRequestException if no params provided

    Nest can't resolve dependencies of the PlaceController (PlaceService, ?). Please make sure that the argument GooglePlacesService at index [1] is available in 
the RootTestModule context.

    Potential solutions:
    - Is RootTestModule a valid NestJS module?
    - If GooglePlacesService is a provider, is it part of the current RootTestModule?
    - If GooglePlacesService is exported from a separate @Module, is that module imported within RootTestModule?
      @Module({
        imports: [ /* the Module containing GooglePlacesService */ ]
      })

    For more common dependency resolution issues, see: https://docs.nestjs.com/faq/common-errors

    [0m [90m 31 |[39m
     [90m 32 |[39m   beforeEach([36masync[39m () [33m=>[39m {
    [31m[1m>[22m[39m[90m 33 |[39m     [36mconst[39m module[33m:[39m [33mTestingModule[39m [33m=[39m [36mawait[39m 
[33mTest[39m[33m.[39mcreateTestingModule({
     [90m    |[39m                                   [31m[1m^[22m[39m
     [90m 34 |[39m       controllers[33m:[39m [[33mPlaceController[39m][33m,[39m
     [90m 35 |[39m       providers[33m:[39m [
     [90m 36 |[39m         {[0m

      at TestingInjector.lookupComponentInParentModules (../../../node_modules/@nestjs/core/injector/injector.js:290:19)
      at TestingInjector.resolveComponentWrapper (../../../node_modules/@nestjs/testing/testing-injector.js:19:45)
      at resolveParam (../../../node_modules/@nestjs/core/injector/injector.js:140:38)
          at async Promise.all (index 1)
      at TestingInjector.resolveConstructorParams (../../../node_modules/@nestjs/core/injector/injector.js:169:27)
      at TestingInjector.loadInstance (../../../node_modules/@nestjs/core/injector/injector.js:75:13)
      at TestingInjector.loadController (../../../node_modules/@nestjs/core/injector/injector.js:94:9)
      at ../../../node_modules/@nestjs/core/injector/instance-loader.js:68:13
          at async Promise.all (index 0)
      at TestingInstanceLoader.createInstancesOfControllers (../../../node_modules/@nestjs/core/injector/instance-loader.js:67:9)
      at ../../../node_modules/@nestjs/core/injector/instance-loader.js:42:13
          at async Promise.all (index 1)
      at TestingInstanceLoader.createInstances (../../../node_modules/@nestjs/core/injector/instance-loader.js:39:9)
      at TestingInstanceLoader.createInstancesOfDependencies (../../../node_modules/@nestjs/core/injector/instance-loader.js:22:13)
      at TestingInstanceLoader.createInstancesOfDependencies (../../../node_modules/@nestjs/testing/testing-instance-loader.js:9:9)
      at TestingModuleBuilder.createInstancesOfDependencies (../../../node_modules/@nestjs/testing/testing-module.builder.js:118:9)
      at TestingModuleBuilder.compile (../../../node_modules/@nestjs/testing/testing-module.builder.js:74:9)
      at Object.<anonymous> (places/controller/place.controller.spec.ts:33:35)

  ΓùÅ PlaceController - Unit Test ΓÇ║ updatePlace ΓÇ║ should throw NotFoundException if place not found

    Nest can't resolve dependencies of the PlaceController (PlaceService, ?). Please make sure that the argument GooglePlacesService at index [1] is available in 
the RootTestModule context.

    Potential solutions:
    - Is RootTestModule a valid NestJS module?
    - If GooglePlacesService is a provider, is it part of the current RootTestModule?
    - If GooglePlacesService is exported from a separate @Module, is that module imported within RootTestModule?
      @Module({
        imports: [ /* the Module containing GooglePlacesService */ ]
      })

    For more common dependency resolution issues, see: https://docs.nestjs.com/faq/common-errors

    [0m [90m 31 |[39m
     [90m 32 |[39m   beforeEach([36masync[39m () [33m=>[39m {
    [31m[1m>[22m[39m[90m 33 |[39m     [36mconst[39m module[33m:[39m [33mTestingModule[39m [33m=[39m [36mawait[39m 
[33mTest[39m[33m.[39mcreateTestingModule({
     [90m    |[39m                                   [31m[1m^[22m[39m
     [90m 34 |[39m       controllers[33m:[39m [[33mPlaceController[39m][33m,[39m
     [90m 35 |[39m       providers[33m:[39m [
     [90m 36 |[39m         {[0m

      at TestingInjector.lookupComponentInParentModules (../../../node_modules/@nestjs/core/injector/injector.js:290:19)
      at TestingInjector.resolveComponentWrapper (../../../node_modules/@nestjs/testing/testing-injector.js:19:45)
      at resolveParam (../../../node_modules/@nestjs/core/injector/injector.js:140:38)
          at async Promise.all (index 1)
      at TestingInjector.resolveConstructorParams (../../../node_modules/@nestjs/core/injector/injector.js:169:27)
      at TestingInjector.loadInstance (../../../node_modules/@nestjs/core/injector/injector.js:75:13)
      at TestingInjector.loadController (../../../node_modules/@nestjs/core/injector/injector.js:94:9)
      at ../../../node_modules/@nestjs/core/injector/instance-loader.js:68:13
          at async Promise.all (index 0)
      at TestingInstanceLoader.createInstancesOfControllers (../../../node_modules/@nestjs/core/injector/instance-loader.js:67:9)
      at ../../../node_modules/@nestjs/core/injector/instance-loader.js:42:13
          at async Promise.all (index 1)
      at TestingInstanceLoader.createInstances (../../../node_modules/@nestjs/core/injector/instance-loader.js:39:9)
      at TestingInstanceLoader.createInstancesOfDependencies (../../../node_modules/@nestjs/core/injector/instance-loader.js:22:13)
      at TestingInstanceLoader.createInstancesOfDependencies (../../../node_modules/@nestjs/testing/testing-instance-loader.js:9:9)
      at TestingModuleBuilder.createInstancesOfDependencies (../../../node_modules/@nestjs/testing/testing-module.builder.js:118:9)
      at TestingModuleBuilder.compile (../../../node_modules/@nestjs/testing/testing-module.builder.js:74:9)
      at Object.<anonymous> (places/controller/place.controller.spec.ts:33:35)

  ΓùÅ PlaceController - Unit Test ΓÇ║ deletePlace ΓÇ║ should delete place

    Nest can't resolve dependencies of the PlaceController (PlaceService, ?). Please make sure that the argument GooglePlacesService at index [1] is available in 
the RootTestModule context.

    Potential solutions:
    - Is RootTestModule a valid NestJS module?
    - If GooglePlacesService is a provider, is it part of the current RootTestModule?
    - If GooglePlacesService is exported from a separate @Module, is that module imported within RootTestModule?
      @Module({
        imports: [ /* the Module containing GooglePlacesService */ ]
      })

    For more common dependency resolution issues, see: https://docs.nestjs.com/faq/common-errors

    [0m [90m 31 |[39m
     [90m 32 |[39m   beforeEach([36masync[39m () [33m=>[39m {
    [31m[1m>[22m[39m[90m 33 |[39m     [36mconst[39m module[33m:[39m [33mTestingModule[39m [33m=[39m [36mawait[39m 
[33mTest[39m[33m.[39mcreateTestingModule({
     [90m    |[39m                                   [31m[1m^[22m[39m
     [90m 34 |[39m       controllers[33m:[39m [[33mPlaceController[39m][33m,[39m
     [90m 35 |[39m       providers[33m:[39m [
     [90m 36 |[39m         {[0m

      at TestingInjector.lookupComponentInParentModules (../../../node_modules/@nestjs/core/injector/injector.js:290:19)
      at TestingInjector.resolveComponentWrapper (../../../node_modules/@nestjs/testing/testing-injector.js:19:45)
      at resolveParam (../../../node_modules/@nestjs/core/injector/injector.js:140:38)
          at async Promise.all (index 1)
      at TestingInjector.resolveConstructorParams (../../../node_modules/@nestjs/core/injector/injector.js:169:27)
      at TestingInjector.loadInstance (../../../node_modules/@nestjs/core/injector/injector.js:75:13)
      at TestingInjector.loadController (../../../node_modules/@nestjs/core/injector/injector.js:94:9)
      at ../../../node_modules/@nestjs/core/injector/instance-loader.js:68:13
          at async Promise.all (index 0)
      at TestingInstanceLoader.createInstancesOfControllers (../../../node_modules/@nestjs/core/injector/instance-loader.js:67:9)
      at ../../../node_modules/@nestjs/core/injector/instance-loader.js:42:13
          at async Promise.all (index 1)
      at TestingInstanceLoader.createInstances (../../../node_modules/@nestjs/core/injector/instance-loader.js:39:9)
      at TestingInstanceLoader.createInstancesOfDependencies (../../../node_modules/@nestjs/core/injector/instance-loader.js:22:13)
      at TestingInstanceLoader.createInstancesOfDependencies (../../../node_modules/@nestjs/testing/testing-instance-loader.js:9:9)
      at TestingModuleBuilder.createInstancesOfDependencies (../../../node_modules/@nestjs/testing/testing-module.builder.js:118:9)
      at TestingModuleBuilder.compile (../../../node_modules/@nestjs/testing/testing-module.builder.js:74:9)
      at Object.<anonymous> (places/controller/place.controller.spec.ts:33:35)

  ΓùÅ PlaceController - Unit Test ΓÇ║ deletePlace ΓÇ║ should throw BadRequestException if no params provided

    Nest can't resolve dependencies of the PlaceController (PlaceService, ?). Please make sure that the argument GooglePlacesService at index [1] is available in 
the RootTestModule context.

    Potential solutions:
    - Is RootTestModule a valid NestJS module?
    - If GooglePlacesService is a provider, is it part of the current RootTestModule?
    - If GooglePlacesService is exported from a separate @Module, is that module imported within RootTestModule?
      @Module({
        imports: [ /* the Module containing GooglePlacesService */ ]
      })

    For more common dependency resolution issues, see: https://docs.nestjs.com/faq/common-errors

    [0m [90m 31 |[39m
     [90m 32 |[39m   beforeEach([36masync[39m () [33m=>[39m {
    [31m[1m>[22m[39m[90m 33 |[39m     [36mconst[39m module[33m:[39m [33mTestingModule[39m [33m=[39m [36mawait[39m 
[33mTest[39m[33m.[39mcreateTestingModule({
     [90m    |[39m                                   [31m[1m^[22m[39m
     [90m 34 |[39m       controllers[33m:[39m [[33mPlaceController[39m][33m,[39m
     [90m 35 |[39m       providers[33m:[39m [
     [90m 36 |[39m         {[0m

      at TestingInjector.lookupComponentInParentModules (../../../node_modules/@nestjs/core/injector/injector.js:290:19)
      at TestingInjector.resolveComponentWrapper (../../../node_modules/@nestjs/testing/testing-injector.js:19:45)
      at resolveParam (../../../node_modules/@nestjs/core/injector/injector.js:140:38)
          at async Promise.all (index 1)
      at TestingInjector.resolveConstructorParams (../../../node_modules/@nestjs/core/injector/injector.js:169:27)
      at TestingInjector.loadInstance (../../../node_modules/@nestjs/core/injector/injector.js:75:13)
      at TestingInjector.loadController (../../../node_modules/@nestjs/core/injector/injector.js:94:9)
      at ../../../node_modules/@nestjs/core/injector/instance-loader.js:68:13
          at async Promise.all (index 0)
      at TestingInstanceLoader.createInstancesOfControllers (../../../node_modules/@nestjs/core/injector/instance-loader.js:67:9)
      at ../../../node_modules/@nestjs/core/injector/instance-loader.js:42:13
          at async Promise.all (index 1)
      at TestingInstanceLoader.createInstances (../../../node_modules/@nestjs/core/injector/instance-loader.js:39:9)
      at TestingInstanceLoader.createInstancesOfDependencies (../../../node_modules/@nestjs/core/injector/instance-loader.js:22:13)
      at TestingInstanceLoader.createInstancesOfDependencies (../../../node_modules/@nestjs/testing/testing-instance-loader.js:9:9)
      at TestingModuleBuilder.createInstancesOfDependencies (../../../node_modules/@nestjs/testing/testing-module.builder.js:118:9)
      at TestingModuleBuilder.compile (../../../node_modules/@nestjs/testing/testing-module.builder.js:74:9)
      at Object.<anonymous> (places/controller/place.controller.spec.ts:33:35)

  ΓùÅ PlaceController - Unit Test ΓÇ║ deletePlace ΓÇ║ should throw NotFoundException if place not found

    Nest can't resolve dependencies of the PlaceController (PlaceService, ?). Please make sure that the argument GooglePlacesService at index [1] is available in 
the RootTestModule context.

    Potential solutions:
    - Is RootTestModule a valid NestJS module?
    - If GooglePlacesService is a provider, is it part of the current RootTestModule?
    - If GooglePlacesService is exported from a separate @Module, is that module imported within RootTestModule?
      @Module({
        imports: [ /* the Module containing GooglePlacesService */ ]
      })

    For more common dependency resolution issues, see: https://docs.nestjs.com/faq/common-errors

    [0m [90m 31 |[39m
     [90m 32 |[39m   beforeEach([36masync[39m () [33m=>[39m {
    [31m[1m>[22m[39m[90m 33 |[39m     [36mconst[39m module[33m:[39m [33mTestingModule[39m [33m=[39m [36mawait[39m 
[33mTest[39m[33m.[39mcreateTestingModule({
     [90m    |[39m                                   [31m[1m^[22m[39m
     [90m 34 |[39m       controllers[33m:[39m [[33mPlaceController[39m][33m,[39m
     [90m 35 |[39m       providers[33m:[39m [
     [90m 36 |[39m         {[0m

      at TestingInjector.lookupComponentInParentModules (../../../node_modules/@nestjs/core/injector/injector.js:290:19)
      at TestingInjector.resolveComponentWrapper (../../../node_modules/@nestjs/testing/testing-injector.js:19:45)
      at resolveParam (../../../node_modules/@nestjs/core/injector/injector.js:140:38)
          at async Promise.all (index 1)
      at TestingInjector.resolveConstructorParams (../../../node_modules/@nestjs/core/injector/injector.js:169:27)
      at TestingInjector.loadInstance (../../../node_modules/@nestjs/core/injector/injector.js:75:13)
      at TestingInjector.loadController (../../../node_modules/@nestjs/core/injector/injector.js:94:9)
      at ../../../node_modules/@nestjs/core/injector/instance-loader.js:68:13
          at async Promise.all (index 0)
      at TestingInstanceLoader.createInstancesOfControllers (../../../node_modules/@nestjs/core/injector/instance-loader.js:67:9)
      at ../../../node_modules/@nestjs/core/injector/instance-loader.js:42:13
          at async Promise.all (index 1)
      at TestingInstanceLoader.createInstances (../../../node_modules/@nestjs/core/injector/instance-loader.js:39:9)
      at TestingInstanceLoader.createInstancesOfDependencies (../../../node_modules/@nestjs/core/injector/instance-loader.js:22:13)
      at TestingInstanceLoader.createInstancesOfDependencies (../../../node_modules/@nestjs/testing/testing-instance-loader.js:9:9)
      at TestingModuleBuilder.createInstancesOfDependencies (../../../node_modules/@nestjs/testing/testing-module.builder.js:118:9)
      at TestingModuleBuilder.compile (../../../node_modules/@nestjs/testing/testing-module.builder.js:74:9)
      at Object.<anonymous> (places/controller/place.controller.spec.ts:33:35)

(node:51680) [MONGOOSE] Warning: mongoose: the `new` option for `findOneAndUpdate()` and `findOneAndReplace()` is deprecated. Use `returnDocument: 'after'` 
instead.
(Use `node --trace-warnings ...` to show where the warning was created)
(node:51680) [MONGOOSE] Warning: mongoose: the `new` option for `findOneAndUpdate()` and `findOneAndReplace()` is deprecated. Use `returnDocument: 'after'` 
instead.
(node:47440) [MONGOOSE] Warning: mongoose: the `new` option for `findOneAndUpdate()` and `findOneAndReplace()` is deprecated. Use `returnDocument: 'after'` 
instead.
(Use `node --trace-warnings ...` to show where the warning was created)
(node:45280) [MONGOOSE] Warning: mongoose: the `new` option for `findOneAndUpdate()` and `findOneAndReplace()` is deprecated. Use `returnDocument: 'after'` 
instead.
(Use `node --trace-warnings ...` to show where the warning was created)
(node:65768) Warning: `--localstorage-file` was provided without a valid path
(Use `node --trace-warnings ...` to show where the warning was created)
PASS src/user/repository/user.repository.spec.ts (5.784 s)
(node:51680) [MONGOOSE] Warning: mongoose: the `new` option for `findOneAndUpdate()` and `findOneAndReplace()` is deprecated. Use `returnDocument: 'after'` 
instead.
(node:51680) [MONGOOSE] Warning: mongoose: the `new` option for `findOneAndUpdate()` and `findOneAndReplace()` is deprecated. Use `returnDocument: 'after'` 
instead.
(node:36480) [MONGOOSE] Warning: mongoose: the `new` option for `findOneAndUpdate()` and `findOneAndReplace()` is deprecated. Use `returnDocument: 'after'` 
instead.
(Use `node --trace-warnings ...` to show where the warning was created)
(node:36480) [MONGOOSE] Warning: mongoose: the `new` option for `findOneAndUpdate()` and `findOneAndReplace()` is deprecated. Use `returnDocument: 'after'` 
instead.
(node:36480) [MONGOOSE] Warning: mongoose: the `new` option for `findOneAndUpdate()` and `findOneAndReplace()` is deprecated. Use `returnDocument: 'after'` 
instead.
(node:36480) [MONGOOSE] Warning: mongoose: the `new` option for `findOneAndUpdate()` and `findOneAndReplace()` is deprecated. Use `returnDocument: 'after'` 
instead.
(node:72960) Warning: `--localstorage-file` was provided without a valid path
(Use `node --trace-warnings ...` to show where the warning was created)
PASS src/reviews/repository/review.repository.spec.ts (5.896 s)
(node:47440) Warning: `--localstorage-file` was provided without a valid path
PASS src/badges/repository/badge.repository.spec.ts (5.738 s)
(node:45280) Warning: `--localstorage-file` was provided without a valid path
PASS src/events/repository/event.repository.spec.ts (5.98 s)
(node:51680) Warning: `--localstorage-file` was provided without a valid path
PASS src/profile/repository/profile.repository.spec.ts (6.035 s)
(node:11432) Warning: `--localstorage-file` was provided without a valid path
(Use `node --trace-warnings ...` to show where the warning was created)
PASS src/reports/repository/report.repository.spec.ts (5.975 s)
(node:36480) Warning: `--localstorage-file` was provided without a valid path
PASS src/places/repository/place.repository.spec.ts (5.981 s)
A worker process has failed to exit gracefully and has been force exited. This is likely caused by tests leaking due to improper teardown. Try running with 
--detectOpenHandles to find leaks. Active timers can also cause this, ensure that .unref() was called on them.

Summary of all failing tests
FAIL places/service/place.service.spec.ts
  ΓùÅ PlaceService - Unit Test ΓÇ║ createPlace ΓÇ║ should throw ConflictException if googlePlaceId already exists

    expect(received).rejects.toThrow()

    Received promise resolved instead of rejected
    Resolved to value: {"_id": "place_123", "address": "123 Mock St", "averageUserRating": 0, "category": "Restaurant", "createdAt": 2026-03-09T22:07:16.619Z, 
"customImages": [], "customTags": [], "description": "A mock restaurant", "googlePlaceId": "ChIJ_mock_001", "name": "Mock Restaurant", "totalUserReviews": 0, 
"updatedAt": 2026-03-09T22:07:16.619Z}

    [0m [90m 105 |[39m       jest[33m.[39mspyOn(repository[33m,[39m [32m'findOne'[39m)[33m.[39mmockResolvedValue(mockPlace [36mas[39m any)[33m;[39m
     [90m 106 |[39m
    [31m[1m>[22m[39m[90m 107 |[39m       [36mawait[39m expect(service[33m.[39mcreatePlace(createDto))
     [90m     |[39m             [31m[1m^[22m[39m
     [90m 108 |[39m         [33m.[39mrejects[33m.[39mtoThrow([33mConflictException[39m)[33m;[39m
     [90m 109 |[39m     })[33m;[39m
     [90m 110 |[39m   })[33m;[39m[0m

      at expect (../../../node_modules/expect/build/index.js:2116:15)
      at Object.<anonymous> (places/service/place.service.spec.ts:107:13)

  ΓùÅ PlaceService - Unit Test ΓÇ║ getAllPlaces ΓÇ║ should search by name with regex

    expect(jest.fn()).toHaveBeenCalledWith(...expected)

    - Expected
    + Received

    - Object {
    -   "name": Object {
    -     "$options": "i",
    -     "$regex": "Pizza",
    -   },
    - }
    + Object {},

    Number of calls: 1

    [0m [90m 144 |[39m       [36mawait[39m service[33m.[39mgetAllPlaces(dto)[33m;[39m
     [90m 145 |[39m
    [31m[1m>[22m[39m[90m 146 |[39m       expect(repository[33m.[39mfindMany)[33m.[39mtoHaveBeenCalledWith({
     [90m     |[39m                                   [31m[1m^[22m[39m
     [90m 147 |[39m         name[33m:[39m { $regex[33m:[39m [32m'Pizza'[39m[33m,[39m $options[33m:[39m [32m'i'[39m }
     [90m 148 |[39m       })[33m;[39m
     [90m 149 |[39m     })[33m;[39m[0m

      at Object.<anonymous> (places/service/place.service.spec.ts:146:35)

  ΓùÅ PlaceService - Unit Test ΓÇ║ getPlace ΓÇ║ should return place by id

    expect(received).toEqual(expected) // deep equality

    Expected: {"_id": "place_123", "address": "123 Mock St", "averageUserRating": 0, "category": "Restaurant", "createdAt": 2026-03-09T22:07:16.619Z, 
"customImages": [], "customTags": [], "description": "A mock restaurant", "googlePlaceId": "ChIJ_mock_001", "name": "Mock Restaurant", "totalUserReviews": 0, 
"updatedAt": 2026-03-09T22:07:16.619Z}
    Received: undefined

    [0m [90m 167 |[39m       [36mconst[39m result [33m=[39m [36mawait[39m service[33m.[39mgetPlace(dto)[33m;[39m
     [90m 168 |[39m
    [31m[1m>[22m[39m[90m 169 |[39m       expect(result)[33m.[39mtoEqual(mockPlace)[33m;[39m
     [90m     |[39m                      [31m[1m^[22m[39m
     [90m 170 |[39m       expect(repository[33m.[39mfindById)[33m.[39mtoHaveBeenCalledWith([32m'place_123'[39m)[33m;[39m [90m// ΓåÉ CORRIGIR[39m
     [90m 171 |[39m     })[33m;[39m
     [90m 172 |[39m[0m

      at Object.<anonymous> (places/service/place.service.spec.ts:169:22)

  ΓùÅ PlaceService - Unit Test ΓÇ║ getPlace ΓÇ║ should throw NotFoundException if place not found

    expect(received).rejects.toThrow()

    Received promise resolved instead of rejected
    Resolved to value: null

    [0m [90m 175 |[39m       jest[33m.[39mspyOn(repository[33m,[39m [32m'findOne'[39m)[33m.[39mmockResolvedValue([36mnull[39m)[33m;[39m
     [90m 176 |[39m
    [31m[1m>[22m[39m[90m 177 |[39m       [36mawait[39m expect(service[33m.[39mgetPlace(dto))
     [90m     |[39m             [31m[1m^[22m[39m
     [90m 178 |[39m         [33m.[39mrejects[33m.[39mtoThrow([33mNotFoundException[39m)[33m;[39m
     [90m 179 |[39m     })[33m;[39m
     [90m 180 |[39m   })[33m;[39m[0m

      at expect (../../../node_modules/expect/build/index.js:2116:15)
      at Object.<anonymous> (places/service/place.service.spec.ts:177:13)

  ΓùÅ PlaceService - Unit Test ΓÇ║ updatePlace ΓÇ║ should update place description

    NotFoundException: Place not found

    [0m [90m 77 |[39m     [36mconst[39m place [33m=[39m [36mawait[39m [36mthis[39m[33m.[39mplaceRepository[33m.[39mfindOne(filter)[33m;[39m
     [90m 78 |[39m     [36mif[39m ([33m![39mplace) {
    [31m[1m>[22m[39m[90m 79 |[39m       [36mthrow[39m [36mnew[39m [33mNotFoundException[39m([32m'Place not found'[39m)[33m;[39m
     [90m    |[39m             [31m[1m^[22m[39m
     [90m 80 |[39m     }
     [90m 81 |[39m
     [90m 82 |[39m     [90m// Remove identifier fields from update[39m[0m

      at PlaceService.updatePlace (places/service/place.service.ts:79:13)
      at Object.<anonymous> (places/service/place.service.spec.ts:192:22)

  ΓùÅ PlaceService - Unit Test ΓÇ║ updatePlace ΓÇ║ should update custom images

    NotFoundException: Place identifier required

    [0m [90m 72 |[39m       filter[33m.[39m_id [33m=[39m dto[33m.[39m_id[33m;[39m
     [90m 73 |[39m     } [36melse[39m {
    [31m[1m>[22m[39m[90m 74 |[39m       [36mthrow[39m [36mnew[39m [33mNotFoundException[39m([32m'Place identifier required'[39m)[33m;[39m
     [90m    |[39m             [31m[1m^[22m[39m
     [90m 75 |[39m     }
     [90m 76 |[39m
     [90m 77 |[39m     [36mconst[39m place [33m=[39m [36mawait[39m [36mthis[39m[33m.[39mplaceRepository[33m.[39mfindOne(filter)[33m;[39m[0m

      at PlaceService.updatePlace (places/service/place.service.ts:74:13)
      at Object.<anonymous> (places/service/place.service.spec.ts:211:21)

  ΓùÅ PlaceService - Unit Test ΓÇ║ deletePlace ΓÇ║ should delete place and return message

    NotFoundException: Place not found

    [0m [90m  99 |[39m
     [90m 100 |[39m     [36mif[39m ([33m![39mplace) {
    [31m[1m>[22m[39m[90m 101 |[39m       [36mthrow[39m [36mnew[39m [33mNotFoundException[39m([32m'Place not found'[39m)[33m;[39m
     [90m     |[39m             [31m[1m^[22m[39m
     [90m 102 |[39m     }
     [90m 103 |[39m
     [90m 104 |[39m     [36mawait[39m [36mthis[39m[33m.[39mplaceRepository[33m.[39m[36mdelete[39m({ googlePlaceId })[33m;[39m[0m

      at PlaceService.deletePlace (places/service/place.service.ts:101:13)
      at Object.<anonymous> (places/service/place.service.spec.ts:239:22)

  ΓùÅ PlaceService - Unit Test ΓÇ║ getAllPlaces - with filters ΓÇ║ should filter by maxPriceLevel

    expect(jest.fn()).toHaveBeenCalledWith(...expected)

    - Expected
    + Received

    - Object {
    -   "priceLevel": Object {
    -     "$lte": 2,
    -   },
    - }
    + Object {},

    Number of calls: 1

    [0m [90m 262 |[39m       [36mawait[39m service[33m.[39mgetAllPlaces(dto)[33m;[39m
     [90m 263 |[39m
    [31m[1m>[22m[39m[90m 264 |[39m       expect(repository[33m.[39mfindMany)[33m.[39mtoHaveBeenCalledWith({
     [90m     |[39m                                   [31m[1m^[22m[39m
     [90m 265 |[39m         priceLevel[33m:[39m { $lte[33m:[39m [35m2[39m }
     [90m 266 |[39m       })[33m;[39m
     [90m 267 |[39m     })[33m;[39m[0m

      at Object.<anonymous> (places/service/place.service.spec.ts:264:35)

  ΓùÅ PlaceService - Unit Test ΓÇ║ getAllPlaces - with filters ΓÇ║ should find places by proximity

    expect(jest.fn()).toHaveBeenCalledWith(...expected)

    Expected: 49.2827, -123.1207, 5000, {}

    Number of calls: 0

    [0m [90m 278 |[39m       [36mconst[39m result [33m=[39m [36mawait[39m service[33m.[39mgetAllPlaces(dto)[33m;[39m
     [90m 279 |[39m
    [31m[1m>[22m[39m[90m 280 |[39m       expect(repository[33m.[39mfindNearby)[33m.[39mtoHaveBeenCalledWith(
     [90m     |[39m                                     [31m[1m^[22m[39m
     [90m 281 |[39m         [35m49.2827[39m[33m,[39m
     [90m 282 |[39m         [33m-[39m[35m123.1207[39m[33m,[39m
     [90m 283 |[39m         [35m5000[39m[33m,[39m[0m

      at Object.<anonymous> (places/service/place.service.spec.ts:280:37)

  ΓùÅ PlaceService - Unit Test ΓÇ║ getAllPlaces - with filters ΓÇ║ should find places by proximity with category filter

    expect(jest.fn()).toHaveBeenCalledWith(...expected)

    Expected: 49.2827, -123.1207, 5000, {"category": "Restaurant"}

    Number of calls: 0

    [0m [90m 299 |[39m       [36mawait[39m service[33m.[39mgetAllPlaces(dto)[33m;[39m
     [90m 300 |[39m
    [31m[1m>[22m[39m[90m 301 |[39m       expect(repository[33m.[39mfindNearby)[33m.[39mtoHaveBeenCalledWith(
     [90m     |[39m                                     [31m[1m^[22m[39m
     [90m 302 |[39m         [35m49.2827[39m[33m,[39m
     [90m 303 |[39m         [33m-[39m[35m123.1207[39m[33m,[39m
     [90m 304 |[39m         [35m5000[39m[33m,[39m[0m

      at Object.<anonymous> (places/service/place.service.spec.ts:301:37)

  ΓùÅ PlaceService - Unit Test ΓÇ║ getAllPlaces - with filters ΓÇ║ should find places by proximity with price filter

    expect(jest.fn()).toHaveBeenCalledWith(...expected)

    Expected: 49.2827, -123.1207, 5000, {"priceLevel": {"$lte": 2}}

    Number of calls: 0

    [0m [90m 318 |[39m       [36mawait[39m service[33m.[39mgetAllPlaces(dto)[33m;[39m
     [90m 319 |[39m
    [31m[1m>[22m[39m[90m 320 |[39m       expect(repository[33m.[39mfindNearby)[33m.[39mtoHaveBeenCalledWith(
     [90m     |[39m                                     [31m[1m^[22m[39m
     [90m 321 |[39m         [35m49.2827[39m[33m,[39m
     [90m 322 |[39m         [33m-[39m[35m123.1207[39m[33m,[39m
     [90m 323 |[39m         [35m5000[39m[33m,[39m [90m// default radius[39m[0m

      at Object.<anonymous> (places/service/place.service.spec.ts:320:37)

FAIL places/controller/place.controller.spec.ts
  ΓùÅ PlaceController - Unit Test ΓÇ║ should be defined

    Nest can't resolve dependencies of the PlaceController (PlaceService, ?). Please make sure that the argument GooglePlacesService at index [1] is available in 
the RootTestModule context.

    Potential solutions:
    - Is RootTestModule a valid NestJS module?
    - If GooglePlacesService is a provider, is it part of the current RootTestModule?
    - If GooglePlacesService is exported from a separate @Module, is that module imported within RootTestModule?
      @Module({
        imports: [ /* the Module containing GooglePlacesService */ ]
      })

    For more common dependency resolution issues, see: https://docs.nestjs.com/faq/common-errors

    [0m [90m 31 |[39m
     [90m 32 |[39m   beforeEach([36masync[39m () [33m=>[39m {
    [31m[1m>[22m[39m[90m 33 |[39m     [36mconst[39m module[33m:[39m [33mTestingModule[39m [33m=[39m [36mawait[39m 
[33mTest[39m[33m.[39mcreateTestingModule({
     [90m    |[39m                                   [31m[1m^[22m[39m
     [90m 34 |[39m       controllers[33m:[39m [[33mPlaceController[39m][33m,[39m
     [90m 35 |[39m       providers[33m:[39m [
     [90m 36 |[39m         {[0m

      at TestingInjector.lookupComponentInParentModules (../../../node_modules/@nestjs/core/injector/injector.js:290:19)
      at TestingInjector.resolveComponentWrapper (../../../node_modules/@nestjs/testing/testing-injector.js:19:45)
      at resolveParam (../../../node_modules/@nestjs/core/injector/injector.js:140:38)
          at async Promise.all (index 1)
      at TestingInjector.resolveConstructorParams (../../../node_modules/@nestjs/core/injector/injector.js:169:27)
      at TestingInjector.loadInstance (../../../node_modules/@nestjs/core/injector/injector.js:75:13)
      at TestingInjector.loadController (../../../node_modules/@nestjs/core/injector/injector.js:94:9)
      at ../../../node_modules/@nestjs/core/injector/instance-loader.js:68:13
          at async Promise.all (index 0)
      at TestingInstanceLoader.createInstancesOfControllers (../../../node_modules/@nestjs/core/injector/instance-loader.js:67:9)
      at ../../../node_modules/@nestjs/core/injector/instance-loader.js:42:13
          at async Promise.all (index 1)
      at TestingInstanceLoader.createInstances (../../../node_modules/@nestjs/core/injector/instance-loader.js:39:9)
      at TestingInstanceLoader.createInstancesOfDependencies (../../../node_modules/@nestjs/core/injector/instance-loader.js:22:13)
      at TestingInstanceLoader.createInstancesOfDependencies (../../../node_modules/@nestjs/testing/testing-instance-loader.js:9:9)
      at TestingModuleBuilder.createInstancesOfDependencies (../../../node_modules/@nestjs/testing/testing-module.builder.js:118:9)
      at TestingModuleBuilder.compile (../../../node_modules/@nestjs/testing/testing-module.builder.js:74:9)
      at Object.<anonymous> (places/controller/place.controller.spec.ts:33:35)

  ΓùÅ PlaceController - Unit Test ΓÇ║ createPlace ΓÇ║ should create a new place

    Nest can't resolve dependencies of the PlaceController (PlaceService, ?). Please make sure that the argument GooglePlacesService at index [1] is available in 
the RootTestModule context.

    Potential solutions:
    - Is RootTestModule a valid NestJS module?
    - If GooglePlacesService is a provider, is it part of the current RootTestModule?
    - If GooglePlacesService is exported from a separate @Module, is that module imported within RootTestModule?
      @Module({
        imports: [ /* the Module containing GooglePlacesService */ ]
      })

    For more common dependency resolution issues, see: https://docs.nestjs.com/faq/common-errors

    [0m [90m 31 |[39m
     [90m 32 |[39m   beforeEach([36masync[39m () [33m=>[39m {
    [31m[1m>[22m[39m[90m 33 |[39m     [36mconst[39m module[33m:[39m [33mTestingModule[39m [33m=[39m [36mawait[39m 
[33mTest[39m[33m.[39mcreateTestingModule({
     [90m    |[39m                                   [31m[1m^[22m[39m
     [90m 34 |[39m       controllers[33m:[39m [[33mPlaceController[39m][33m,[39m
     [90m 35 |[39m       providers[33m:[39m [
     [90m 36 |[39m         {[0m

      at TestingInjector.lookupComponentInParentModules (../../../node_modules/@nestjs/core/injector/injector.js:290:19)
      at TestingInjector.resolveComponentWrapper (../../../node_modules/@nestjs/testing/testing-injector.js:19:45)
      at resolveParam (../../../node_modules/@nestjs/core/injector/injector.js:140:38)
          at async Promise.all (index 1)
      at TestingInjector.resolveConstructorParams (../../../node_modules/@nestjs/core/injector/injector.js:169:27)
      at TestingInjector.loadInstance (../../../node_modules/@nestjs/core/injector/injector.js:75:13)
      at TestingInjector.loadController (../../../node_modules/@nestjs/core/injector/injector.js:94:9)
      at ../../../node_modules/@nestjs/core/injector/instance-loader.js:68:13
          at async Promise.all (index 0)
      at TestingInstanceLoader.createInstancesOfControllers (../../../node_modules/@nestjs/core/injector/instance-loader.js:67:9)
      at ../../../node_modules/@nestjs/core/injector/instance-loader.js:42:13
          at async Promise.all (index 1)
      at TestingInstanceLoader.createInstances (../../../node_modules/@nestjs/core/injector/instance-loader.js:39:9)
      at TestingInstanceLoader.createInstancesOfDependencies (../../../node_modules/@nestjs/core/injector/instance-loader.js:22:13)
      at TestingInstanceLoader.createInstancesOfDependencies (../../../node_modules/@nestjs/testing/testing-instance-loader.js:9:9)
      at TestingModuleBuilder.createInstancesOfDependencies (../../../node_modules/@nestjs/testing/testing-module.builder.js:118:9)
      at TestingModuleBuilder.compile (../../../node_modules/@nestjs/testing/testing-module.builder.js:74:9)
      at Object.<anonymous> (places/controller/place.controller.spec.ts:33:35)

  ΓùÅ PlaceController - Unit Test ΓÇ║ createPlace ΓÇ║ should handle ConflictException for duplicate googlePlaceId

    Nest can't resolve dependencies of the PlaceController (PlaceService, ?). Please make sure that the argument GooglePlacesService at index [1] is available in 
the RootTestModule context.

    Potential solutions:
    - Is RootTestModule a valid NestJS module?
    - If GooglePlacesService is a provider, is it part of the current RootTestModule?
    - If GooglePlacesService is exported from a separate @Module, is that module imported within RootTestModule?
      @Module({
        imports: [ /* the Module containing GooglePlacesService */ ]
      })

    For more common dependency resolution issues, see: https://docs.nestjs.com/faq/common-errors

    [0m [90m 31 |[39m
     [90m 32 |[39m   beforeEach([36masync[39m () [33m=>[39m {
    [31m[1m>[22m[39m[90m 33 |[39m     [36mconst[39m module[33m:[39m [33mTestingModule[39m [33m=[39m [36mawait[39m 
[33mTest[39m[33m.[39mcreateTestingModule({
     [90m    |[39m                                   [31m[1m^[22m[39m
     [90m 34 |[39m       controllers[33m:[39m [[33mPlaceController[39m][33m,[39m
     [90m 35 |[39m       providers[33m:[39m [
     [90m 36 |[39m         {[0m

      at TestingInjector.lookupComponentInParentModules (../../../node_modules/@nestjs/core/injector/injector.js:290:19)
      at TestingInjector.resolveComponentWrapper (../../../node_modules/@nestjs/testing/testing-injector.js:19:45)
      at resolveParam (../../../node_modules/@nestjs/core/injector/injector.js:140:38)
          at async Promise.all (index 1)
      at TestingInjector.resolveConstructorParams (../../../node_modules/@nestjs/core/injector/injector.js:169:27)
      at TestingInjector.loadInstance (../../../node_modules/@nestjs/core/injector/injector.js:75:13)
      at TestingInjector.loadController (../../../node_modules/@nestjs/core/injector/injector.js:94:9)
      at ../../../node_modules/@nestjs/core/injector/instance-loader.js:68:13
          at async Promise.all (index 0)
      at TestingInstanceLoader.createInstancesOfControllers (../../../node_modules/@nestjs/core/injector/instance-loader.js:67:9)
      at ../../../node_modules/@nestjs/core/injector/instance-loader.js:42:13
          at async Promise.all (index 1)
      at TestingInstanceLoader.createInstances (../../../node_modules/@nestjs/core/injector/instance-loader.js:39:9)
      at TestingInstanceLoader.createInstancesOfDependencies (../../../node_modules/@nestjs/core/injector/instance-loader.js:22:13)
      at TestingInstanceLoader.createInstancesOfDependencies (../../../node_modules/@nestjs/testing/testing-instance-loader.js:9:9)
      at TestingModuleBuilder.createInstancesOfDependencies (../../../node_modules/@nestjs/testing/testing-module.builder.js:118:9)
      at TestingModuleBuilder.compile (../../../node_modules/@nestjs/testing/testing-module.builder.js:74:9)
      at Object.<anonymous> (places/controller/place.controller.spec.ts:33:35)

  ΓùÅ PlaceController - Unit Test ΓÇ║ getPlaces ΓÇ║ should return all places when no filter provided

    Nest can't resolve dependencies of the PlaceController (PlaceService, ?). Please make sure that the argument GooglePlacesService at index [1] is available in 
the RootTestModule context.

    Potential solutions:
    - Is RootTestModule a valid NestJS module?
    - If GooglePlacesService is a provider, is it part of the current RootTestModule?
    - If GooglePlacesService is exported from a separate @Module, is that module imported within RootTestModule?
      @Module({
        imports: [ /* the Module containing GooglePlacesService */ ]
      })

    For more common dependency resolution issues, see: https://docs.nestjs.com/faq/common-errors

    [0m [90m 31 |[39m
     [90m 32 |[39m   beforeEach([36masync[39m () [33m=>[39m {
    [31m[1m>[22m[39m[90m 33 |[39m     [36mconst[39m module[33m:[39m [33mTestingModule[39m [33m=[39m [36mawait[39m 
[33mTest[39m[33m.[39mcreateTestingModule({
     [90m    |[39m                                   [31m[1m^[22m[39m
     [90m 34 |[39m       controllers[33m:[39m [[33mPlaceController[39m][33m,[39m
     [90m 35 |[39m       providers[33m:[39m [
     [90m 36 |[39m         {[0m

      at TestingInjector.lookupComponentInParentModules (../../../node_modules/@nestjs/core/injector/injector.js:290:19)
      at TestingInjector.resolveComponentWrapper (../../../node_modules/@nestjs/testing/testing-injector.js:19:45)
      at resolveParam (../../../node_modules/@nestjs/core/injector/injector.js:140:38)
          at async Promise.all (index 1)
      at TestingInjector.resolveConstructorParams (../../../node_modules/@nestjs/core/injector/injector.js:169:27)
      at TestingInjector.loadInstance (../../../node_modules/@nestjs/core/injector/injector.js:75:13)
      at TestingInjector.loadController (../../../node_modules/@nestjs/core/injector/injector.js:94:9)
      at ../../../node_modules/@nestjs/core/injector/instance-loader.js:68:13
          at async Promise.all (index 0)
      at TestingInstanceLoader.createInstancesOfControllers (../../../node_modules/@nestjs/core/injector/instance-loader.js:67:9)
      at ../../../node_modules/@nestjs/core/injector/instance-loader.js:42:13
          at async Promise.all (index 1)
      at TestingInstanceLoader.createInstances (../../../node_modules/@nestjs/core/injector/instance-loader.js:39:9)
      at TestingInstanceLoader.createInstancesOfDependencies (../../../node_modules/@nestjs/core/injector/instance-loader.js:22:13)
      at TestingInstanceLoader.createInstancesOfDependencies (../../../node_modules/@nestjs/testing/testing-instance-loader.js:9:9)
      at TestingModuleBuilder.createInstancesOfDependencies (../../../node_modules/@nestjs/testing/testing-module.builder.js:118:9)
      at TestingModuleBuilder.compile (../../../node_modules/@nestjs/testing/testing-module.builder.js:74:9)
      at Object.<anonymous> (places/controller/place.controller.spec.ts:33:35)

  ΓùÅ PlaceController - Unit Test ΓÇ║ getPlaces ΓÇ║ should filter places by category

    Nest can't resolve dependencies of the PlaceController (PlaceService, ?). Please make sure that the argument GooglePlacesService at index [1] is available in 
the RootTestModule context.

    Potential solutions:
    - Is RootTestModule a valid NestJS module?
    - If GooglePlacesService is a provider, is it part of the current RootTestModule?
    - If GooglePlacesService is exported from a separate @Module, is that module imported within RootTestModule?
      @Module({
        imports: [ /* the Module containing GooglePlacesService */ ]
      })

    For more common dependency resolution issues, see: https://docs.nestjs.com/faq/common-errors

    [0m [90m 31 |[39m
     [90m 32 |[39m   beforeEach([36masync[39m () [33m=>[39m {
    [31m[1m>[22m[39m[90m 33 |[39m     [36mconst[39m module[33m:[39m [33mTestingModule[39m [33m=[39m [36mawait[39m 
[33mTest[39m[33m.[39mcreateTestingModule({
     [90m    |[39m                                   [31m[1m^[22m[39m
     [90m 34 |[39m       controllers[33m:[39m [[33mPlaceController[39m][33m,[39m
     [90m 35 |[39m       providers[33m:[39m [
     [90m 36 |[39m         {[0m

      at TestingInjector.lookupComponentInParentModules (../../../node_modules/@nestjs/core/injector/injector.js:290:19)
      at TestingInjector.resolveComponentWrapper (../../../node_modules/@nestjs/testing/testing-injector.js:19:45)
      at resolveParam (../../../node_modules/@nestjs/core/injector/injector.js:140:38)
          at async Promise.all (index 1)
      at TestingInjector.resolveConstructorParams (../../../node_modules/@nestjs/core/injector/injector.js:169:27)
      at TestingInjector.loadInstance (../../../node_modules/@nestjs/core/injector/injector.js:75:13)
      at TestingInjector.loadController (../../../node_modules/@nestjs/core/injector/injector.js:94:9)
      at ../../../node_modules/@nestjs/core/injector/instance-loader.js:68:13
          at async Promise.all (index 0)
      at TestingInstanceLoader.createInstancesOfControllers (../../../node_modules/@nestjs/core/injector/instance-loader.js:67:9)
      at ../../../node_modules/@nestjs/core/injector/instance-loader.js:42:13
          at async Promise.all (index 1)
      at TestingInstanceLoader.createInstances (../../../node_modules/@nestjs/core/injector/instance-loader.js:39:9)
      at TestingInstanceLoader.createInstancesOfDependencies (../../../node_modules/@nestjs/core/injector/instance-loader.js:22:13)
      at TestingInstanceLoader.createInstancesOfDependencies (../../../node_modules/@nestjs/testing/testing-instance-loader.js:9:9)
      at TestingModuleBuilder.createInstancesOfDependencies (../../../node_modules/@nestjs/testing/testing-module.builder.js:118:9)
      at TestingModuleBuilder.compile (../../../node_modules/@nestjs/testing/testing-module.builder.js:74:9)
      at Object.<anonymous> (places/controller/place.controller.spec.ts:33:35)

  ΓùÅ PlaceController - Unit Test ΓÇ║ getPlaces ΓÇ║ should filter places by googlePlaceId

    Nest can't resolve dependencies of the PlaceController (PlaceService, ?). Please make sure that the argument GooglePlacesService at index [1] is available in 
the RootTestModule context.

    Potential solutions:
    - Is RootTestModule a valid NestJS module?
    - If GooglePlacesService is a provider, is it part of the current RootTestModule?
    - If GooglePlacesService is exported from a separate @Module, is that module imported within RootTestModule?
      @Module({
        imports: [ /* the Module containing GooglePlacesService */ ]
      })

    For more common dependency resolution issues, see: https://docs.nestjs.com/faq/common-errors

    [0m [90m 31 |[39m
     [90m 32 |[39m   beforeEach([36masync[39m () [33m=>[39m {
    [31m[1m>[22m[39m[90m 33 |[39m     [36mconst[39m module[33m:[39m [33mTestingModule[39m [33m=[39m [36mawait[39m 
[33mTest[39m[33m.[39mcreateTestingModule({
     [90m    |[39m                                   [31m[1m^[22m[39m
     [90m 34 |[39m       controllers[33m:[39m [[33mPlaceController[39m][33m,[39m
     [90m 35 |[39m       providers[33m:[39m [
     [90m 36 |[39m         {[0m

      at TestingInjector.lookupComponentInParentModules (../../../node_modules/@nestjs/core/injector/injector.js:290:19)
      at TestingInjector.resolveComponentWrapper (../../../node_modules/@nestjs/testing/testing-injector.js:19:45)
      at resolveParam (../../../node_modules/@nestjs/core/injector/injector.js:140:38)
          at async Promise.all (index 1)
      at TestingInjector.resolveConstructorParams (../../../node_modules/@nestjs/core/injector/injector.js:169:27)
      at TestingInjector.loadInstance (../../../node_modules/@nestjs/core/injector/injector.js:75:13)
      at TestingInjector.loadController (../../../node_modules/@nestjs/core/injector/injector.js:94:9)
      at ../../../node_modules/@nestjs/core/injector/instance-loader.js:68:13
          at async Promise.all (index 0)
      at TestingInstanceLoader.createInstancesOfControllers (../../../node_modules/@nestjs/core/injector/instance-loader.js:67:9)
      at ../../../node_modules/@nestjs/core/injector/instance-loader.js:42:13
          at async Promise.all (index 1)
      at TestingInstanceLoader.createInstances (../../../node_modules/@nestjs/core/injector/instance-loader.js:39:9)
      at TestingInstanceLoader.createInstancesOfDependencies (../../../node_modules/@nestjs/core/injector/instance-loader.js:22:13)
      at TestingInstanceLoader.createInstancesOfDependencies (../../../node_modules/@nestjs/testing/testing-instance-loader.js:9:9)
      at TestingModuleBuilder.createInstancesOfDependencies (../../../node_modules/@nestjs/testing/testing-module.builder.js:118:9)
      at TestingModuleBuilder.compile (../../../node_modules/@nestjs/testing/testing-module.builder.js:74:9)
      at Object.<anonymous> (places/controller/place.controller.spec.ts:33:35)

  ΓùÅ PlaceController - Unit Test ΓÇ║ getPlace ΓÇ║ should return place by googlePlaceId

    Nest can't resolve dependencies of the PlaceController (PlaceService, ?). Please make sure that the argument GooglePlacesService at index [1] is available in 
the RootTestModule context.

    Potential solutions:
    - Is RootTestModule a valid NestJS module?
    - If GooglePlacesService is a provider, is it part of the current RootTestModule?
    - If GooglePlacesService is exported from a separate @Module, is that module imported within RootTestModule?
      @Module({
        imports: [ /* the Module containing GooglePlacesService */ ]
      })

    For more common dependency resolution issues, see: https://docs.nestjs.com/faq/common-errors

    [0m [90m 31 |[39m
     [90m 32 |[39m   beforeEach([36masync[39m () [33m=>[39m {
    [31m[1m>[22m[39m[90m 33 |[39m     [36mconst[39m module[33m:[39m [33mTestingModule[39m [33m=[39m [36mawait[39m 
[33mTest[39m[33m.[39mcreateTestingModule({
     [90m    |[39m                                   [31m[1m^[22m[39m
     [90m 34 |[39m       controllers[33m:[39m [[33mPlaceController[39m][33m,[39m
     [90m 35 |[39m       providers[33m:[39m [
     [90m 36 |[39m         {[0m

      at TestingInjector.lookupComponentInParentModules (../../../node_modules/@nestjs/core/injector/injector.js:290:19)
      at TestingInjector.resolveComponentWrapper (../../../node_modules/@nestjs/testing/testing-injector.js:19:45)
      at resolveParam (../../../node_modules/@nestjs/core/injector/injector.js:140:38)
          at async Promise.all (index 1)
      at TestingInjector.resolveConstructorParams (../../../node_modules/@nestjs/core/injector/injector.js:169:27)
      at TestingInjector.loadInstance (../../../node_modules/@nestjs/core/injector/injector.js:75:13)
      at TestingInjector.loadController (../../../node_modules/@nestjs/core/injector/injector.js:94:9)
      at ../../../node_modules/@nestjs/core/injector/instance-loader.js:68:13
          at async Promise.all (index 0)
      at TestingInstanceLoader.createInstancesOfControllers (../../../node_modules/@nestjs/core/injector/instance-loader.js:67:9)
      at ../../../node_modules/@nestjs/core/injector/instance-loader.js:42:13
          at async Promise.all (index 1)
      at TestingInstanceLoader.createInstances (../../../node_modules/@nestjs/core/injector/instance-loader.js:39:9)
      at TestingInstanceLoader.createInstancesOfDependencies (../../../node_modules/@nestjs/core/injector/instance-loader.js:22:13)
      at TestingInstanceLoader.createInstancesOfDependencies (../../../node_modules/@nestjs/testing/testing-instance-loader.js:9:9)
      at TestingModuleBuilder.createInstancesOfDependencies (../../../node_modules/@nestjs/testing/testing-module.builder.js:118:9)
      at TestingModuleBuilder.compile (../../../node_modules/@nestjs/testing/testing-module.builder.js:74:9)
      at Object.<anonymous> (places/controller/place.controller.spec.ts:33:35)

  ΓùÅ PlaceController - Unit Test ΓÇ║ getPlace ΓÇ║ should filter places by maxPriceLevel

    Nest can't resolve dependencies of the PlaceController (PlaceService, ?). Please make sure that the argument GooglePlacesService at index [1] is available in 
the RootTestModule context.

    Potential solutions:
    - Is RootTestModule a valid NestJS module?
    - If GooglePlacesService is a provider, is it part of the current RootTestModule?
    - If GooglePlacesService is exported from a separate @Module, is that module imported within RootTestModule?
      @Module({
        imports: [ /* the Module containing GooglePlacesService */ ]
      })

    For more common dependency resolution issues, see: https://docs.nestjs.com/faq/common-errors

    [0m [90m 31 |[39m
     [90m 32 |[39m   beforeEach([36masync[39m () [33m=>[39m {
    [31m[1m>[22m[39m[90m 33 |[39m     [36mconst[39m module[33m:[39m [33mTestingModule[39m [33m=[39m [36mawait[39m 
[33mTest[39m[33m.[39mcreateTestingModule({
     [90m    |[39m                                   [31m[1m^[22m[39m
     [90m 34 |[39m       controllers[33m:[39m [[33mPlaceController[39m][33m,[39m
     [90m 35 |[39m       providers[33m:[39m [
     [90m 36 |[39m         {[0m

      at TestingInjector.lookupComponentInParentModules (../../../node_modules/@nestjs/core/injector/injector.js:290:19)
      at TestingInjector.resolveComponentWrapper (../../../node_modules/@nestjs/testing/testing-injector.js:19:45)
      at resolveParam (../../../node_modules/@nestjs/core/injector/injector.js:140:38)
          at async Promise.all (index 1)
      at TestingInjector.resolveConstructorParams (../../../node_modules/@nestjs/core/injector/injector.js:169:27)
      at TestingInjector.loadInstance (../../../node_modules/@nestjs/core/injector/injector.js:75:13)
      at TestingInjector.loadController (../../../node_modules/@nestjs/core/injector/injector.js:94:9)
      at ../../../node_modules/@nestjs/core/injector/instance-loader.js:68:13
          at async Promise.all (index 0)
      at TestingInstanceLoader.createInstancesOfControllers (../../../node_modules/@nestjs/core/injector/instance-loader.js:67:9)
      at ../../../node_modules/@nestjs/core/injector/instance-loader.js:42:13
          at async Promise.all (index 1)
      at TestingInstanceLoader.createInstances (../../../node_modules/@nestjs/core/injector/instance-loader.js:39:9)
      at TestingInstanceLoader.createInstancesOfDependencies (../../../node_modules/@nestjs/core/injector/instance-loader.js:22:13)
      at TestingInstanceLoader.createInstancesOfDependencies (../../../node_modules/@nestjs/testing/testing-instance-loader.js:9:9)
      at TestingModuleBuilder.createInstancesOfDependencies (../../../node_modules/@nestjs/testing/testing-module.builder.js:118:9)
      at TestingModuleBuilder.compile (../../../node_modules/@nestjs/testing/testing-module.builder.js:74:9)
      at Object.<anonymous> (places/controller/place.controller.spec.ts:33:35)

  ΓùÅ PlaceController - Unit Test ΓÇ║ getPlace ΓÇ║ should filter places by location proximity

    Nest can't resolve dependencies of the PlaceController (PlaceService, ?). Please make sure that the argument GooglePlacesService at index [1] is available in 
the RootTestModule context.

    Potential solutions:
    - Is RootTestModule a valid NestJS module?
    - If GooglePlacesService is a provider, is it part of the current RootTestModule?
    - If GooglePlacesService is exported from a separate @Module, is that module imported within RootTestModule?
      @Module({
        imports: [ /* the Module containing GooglePlacesService */ ]
      })

    For more common dependency resolution issues, see: https://docs.nestjs.com/faq/common-errors

    [0m [90m 31 |[39m
     [90m 32 |[39m   beforeEach([36masync[39m () [33m=>[39m {
    [31m[1m>[22m[39m[90m 33 |[39m     [36mconst[39m module[33m:[39m [33mTestingModule[39m [33m=[39m [36mawait[39m 
[33mTest[39m[33m.[39mcreateTestingModule({
     [90m    |[39m                                   [31m[1m^[22m[39m
     [90m 34 |[39m       controllers[33m:[39m [[33mPlaceController[39m][33m,[39m
     [90m 35 |[39m       providers[33m:[39m [
     [90m 36 |[39m         {[0m

      at TestingInjector.lookupComponentInParentModules (../../../node_modules/@nestjs/core/injector/injector.js:290:19)
      at TestingInjector.resolveComponentWrapper (../../../node_modules/@nestjs/testing/testing-injector.js:19:45)
      at resolveParam (../../../node_modules/@nestjs/core/injector/injector.js:140:38)
          at async Promise.all (index 1)
      at TestingInjector.resolveConstructorParams (../../../node_modules/@nestjs/core/injector/injector.js:169:27)
      at TestingInjector.loadInstance (../../../node_modules/@nestjs/core/injector/injector.js:75:13)
      at TestingInjector.loadController (../../../node_modules/@nestjs/core/injector/injector.js:94:9)
      at ../../../node_modules/@nestjs/core/injector/instance-loader.js:68:13
          at async Promise.all (index 0)
      at TestingInstanceLoader.createInstancesOfControllers (../../../node_modules/@nestjs/core/injector/instance-loader.js:67:9)
      at ../../../node_modules/@nestjs/core/injector/instance-loader.js:42:13
          at async Promise.all (index 1)
      at TestingInstanceLoader.createInstances (../../../node_modules/@nestjs/core/injector/instance-loader.js:39:9)
      at TestingInstanceLoader.createInstancesOfDependencies (../../../node_modules/@nestjs/core/injector/instance-loader.js:22:13)
      at TestingInstanceLoader.createInstancesOfDependencies (../../../node_modules/@nestjs/testing/testing-instance-loader.js:9:9)
      at TestingModuleBuilder.createInstancesOfDependencies (../../../node_modules/@nestjs/testing/testing-module.builder.js:118:9)
      at TestingModuleBuilder.compile (../../../node_modules/@nestjs/testing/testing-module.builder.js:74:9)
      at Object.<anonymous> (places/controller/place.controller.spec.ts:33:35)

  ΓùÅ PlaceController - Unit Test ΓÇ║ getPlace ΓÇ║ should filter places by combined filters (location + category + price)

    Nest can't resolve dependencies of the PlaceController (PlaceService, ?). Please make sure that the argument GooglePlacesService at index [1] is available in 
the RootTestModule context.

    Potential solutions:
    - Is RootTestModule a valid NestJS module?
    - If GooglePlacesService is a provider, is it part of the current RootTestModule?
    - If GooglePlacesService is exported from a separate @Module, is that module imported within RootTestModule?
      @Module({
        imports: [ /* the Module containing GooglePlacesService */ ]
      })

    For more common dependency resolution issues, see: https://docs.nestjs.com/faq/common-errors

    [0m [90m 31 |[39m
     [90m 32 |[39m   beforeEach([36masync[39m () [33m=>[39m {
    [31m[1m>[22m[39m[90m 33 |[39m     [36mconst[39m module[33m:[39m [33mTestingModule[39m [33m=[39m [36mawait[39m 
[33mTest[39m[33m.[39mcreateTestingModule({
     [90m    |[39m                                   [31m[1m^[22m[39m
     [90m 34 |[39m       controllers[33m:[39m [[33mPlaceController[39m][33m,[39m
     [90m 35 |[39m       providers[33m:[39m [
     [90m 36 |[39m         {[0m

      at TestingInjector.lookupComponentInParentModules (../../../node_modules/@nestjs/core/injector/injector.js:290:19)
      at TestingInjector.resolveComponentWrapper (../../../node_modules/@nestjs/testing/testing-injector.js:19:45)
      at resolveParam (../../../node_modules/@nestjs/core/injector/injector.js:140:38)
          at async Promise.all (index 1)
      at TestingInjector.resolveConstructorParams (../../../node_modules/@nestjs/core/injector/injector.js:169:27)
      at TestingInjector.loadInstance (../../../node_modules/@nestjs/core/injector/injector.js:75:13)
      at TestingInjector.loadController (../../../node_modules/@nestjs/core/injector/injector.js:94:9)
      at ../../../node_modules/@nestjs/core/injector/instance-loader.js:68:13
          at async Promise.all (index 0)
      at TestingInstanceLoader.createInstancesOfControllers (../../../node_modules/@nestjs/core/injector/instance-loader.js:67:9)
      at ../../../node_modules/@nestjs/core/injector/instance-loader.js:42:13
          at async Promise.all (index 1)
      at TestingInstanceLoader.createInstances (../../../node_modules/@nestjs/core/injector/instance-loader.js:39:9)
      at TestingInstanceLoader.createInstancesOfDependencies (../../../node_modules/@nestjs/core/injector/instance-loader.js:22:13)
      at TestingInstanceLoader.createInstancesOfDependencies (../../../node_modules/@nestjs/testing/testing-instance-loader.js:9:9)
      at TestingModuleBuilder.createInstancesOfDependencies (../../../node_modules/@nestjs/testing/testing-module.builder.js:118:9)
      at TestingModuleBuilder.compile (../../../node_modules/@nestjs/testing/testing-module.builder.js:74:9)
      at Object.<anonymous> (places/controller/place.controller.spec.ts:33:35)

  ΓùÅ PlaceController - Unit Test ΓÇ║ getPlace ΓÇ║ should return place by id

    Nest can't resolve dependencies of the PlaceController (PlaceService, ?). Please make sure that the argument GooglePlacesService at index [1] is available in 
the RootTestModule context.

    Potential solutions:
    - Is RootTestModule a valid NestJS module?
    - If GooglePlacesService is a provider, is it part of the current RootTestModule?
    - If GooglePlacesService is exported from a separate @Module, is that module imported within RootTestModule?
      @Module({
        imports: [ /* the Module containing GooglePlacesService */ ]
      })

    For more common dependency resolution issues, see: https://docs.nestjs.com/faq/common-errors

    [0m [90m 31 |[39m
     [90m 32 |[39m   beforeEach([36masync[39m () [33m=>[39m {
    [31m[1m>[22m[39m[90m 33 |[39m     [36mconst[39m module[33m:[39m [33mTestingModule[39m [33m=[39m [36mawait[39m 
[33mTest[39m[33m.[39mcreateTestingModule({
     [90m    |[39m                                   [31m[1m^[22m[39m
     [90m 34 |[39m       controllers[33m:[39m [[33mPlaceController[39m][33m,[39m
     [90m 35 |[39m       providers[33m:[39m [
     [90m 36 |[39m         {[0m

      at TestingInjector.lookupComponentInParentModules (../../../node_modules/@nestjs/core/injector/injector.js:290:19)
      at TestingInjector.resolveComponentWrapper (../../../node_modules/@nestjs/testing/testing-injector.js:19:45)
      at resolveParam (../../../node_modules/@nestjs/core/injector/injector.js:140:38)
          at async Promise.all (index 1)
      at TestingInjector.resolveConstructorParams (../../../node_modules/@nestjs/core/injector/injector.js:169:27)
      at TestingInjector.loadInstance (../../../node_modules/@nestjs/core/injector/injector.js:75:13)
      at TestingInjector.loadController (../../../node_modules/@nestjs/core/injector/injector.js:94:9)
      at ../../../node_modules/@nestjs/core/injector/instance-loader.js:68:13
          at async Promise.all (index 0)
      at TestingInstanceLoader.createInstancesOfControllers (../../../node_modules/@nestjs/core/injector/instance-loader.js:67:9)
      at ../../../node_modules/@nestjs/core/injector/instance-loader.js:42:13
          at async Promise.all (index 1)
      at TestingInstanceLoader.createInstances (../../../node_modules/@nestjs/core/injector/instance-loader.js:39:9)
      at TestingInstanceLoader.createInstancesOfDependencies (../../../node_modules/@nestjs/core/injector/instance-loader.js:22:13)
      at TestingInstanceLoader.createInstancesOfDependencies (../../../node_modules/@nestjs/testing/testing-instance-loader.js:9:9)
      at TestingModuleBuilder.createInstancesOfDependencies (../../../node_modules/@nestjs/testing/testing-module.builder.js:118:9)
      at TestingModuleBuilder.compile (../../../node_modules/@nestjs/testing/testing-module.builder.js:74:9)
      at Object.<anonymous> (places/controller/place.controller.spec.ts:33:35)

  ΓùÅ PlaceController - Unit Test ΓÇ║ getPlace ΓÇ║ should throw BadRequestException if no params provided

    Nest can't resolve dependencies of the PlaceController (PlaceService, ?). Please make sure that the argument GooglePlacesService at index [1] is available in 
the RootTestModule context.

    Potential solutions:
    - Is RootTestModule a valid NestJS module?
    - If GooglePlacesService is a provider, is it part of the current RootTestModule?
    - If GooglePlacesService is exported from a separate @Module, is that module imported within RootTestModule?
      @Module({
        imports: [ /* the Module containing GooglePlacesService */ ]
      })

    For more common dependency resolution issues, see: https://docs.nestjs.com/faq/common-errors

    [0m [90m 31 |[39m
     [90m 32 |[39m   beforeEach([36masync[39m () [33m=>[39m {
    [31m[1m>[22m[39m[90m 33 |[39m     [36mconst[39m module[33m:[39m [33mTestingModule[39m [33m=[39m [36mawait[39m 
[33mTest[39m[33m.[39mcreateTestingModule({
     [90m    |[39m                                   [31m[1m^[22m[39m
     [90m 34 |[39m       controllers[33m:[39m [[33mPlaceController[39m][33m,[39m
     [90m 35 |[39m       providers[33m:[39m [
     [90m 36 |[39m         {[0m

      at TestingInjector.lookupComponentInParentModules (../../../node_modules/@nestjs/core/injector/injector.js:290:19)
      at TestingInjector.resolveComponentWrapper (../../../node_modules/@nestjs/testing/testing-injector.js:19:45)
      at resolveParam (../../../node_modules/@nestjs/core/injector/injector.js:140:38)
          at async Promise.all (index 1)
      at TestingInjector.resolveConstructorParams (../../../node_modules/@nestjs/core/injector/injector.js:169:27)
      at TestingInjector.loadInstance (../../../node_modules/@nestjs/core/injector/injector.js:75:13)
      at TestingInjector.loadController (../../../node_modules/@nestjs/core/injector/injector.js:94:9)
      at ../../../node_modules/@nestjs/core/injector/instance-loader.js:68:13
          at async Promise.all (index 0)
      at TestingInstanceLoader.createInstancesOfControllers (../../../node_modules/@nestjs/core/injector/instance-loader.js:67:9)
      at ../../../node_modules/@nestjs/core/injector/instance-loader.js:42:13
          at async Promise.all (index 1)
      at TestingInstanceLoader.createInstances (../../../node_modules/@nestjs/core/injector/instance-loader.js:39:9)
      at TestingInstanceLoader.createInstancesOfDependencies (../../../node_modules/@nestjs/core/injector/instance-loader.js:22:13)
      at TestingInstanceLoader.createInstancesOfDependencies (../../../node_modules/@nestjs/testing/testing-instance-loader.js:9:9)
      at TestingModuleBuilder.createInstancesOfDependencies (../../../node_modules/@nestjs/testing/testing-module.builder.js:118:9)
      at TestingModuleBuilder.compile (../../../node_modules/@nestjs/testing/testing-module.builder.js:74:9)
      at Object.<anonymous> (places/controller/place.controller.spec.ts:33:35)

  ΓùÅ PlaceController - Unit Test ΓÇ║ getPlace ΓÇ║ should throw NotFoundException if place not found

    Nest can't resolve dependencies of the PlaceController (PlaceService, ?). Please make sure that the argument GooglePlacesService at index [1] is available in 
the RootTestModule context.

    Potential solutions:
    - Is RootTestModule a valid NestJS module?
    - If GooglePlacesService is a provider, is it part of the current RootTestModule?
    - If GooglePlacesService is exported from a separate @Module, is that module imported within RootTestModule?
      @Module({
        imports: [ /* the Module containing GooglePlacesService */ ]
      })

    For more common dependency resolution issues, see: https://docs.nestjs.com/faq/common-errors

    [0m [90m 31 |[39m
     [90m 32 |[39m   beforeEach([36masync[39m () [33m=>[39m {
    [31m[1m>[22m[39m[90m 33 |[39m     [36mconst[39m module[33m:[39m [33mTestingModule[39m [33m=[39m [36mawait[39m 
[33mTest[39m[33m.[39mcreateTestingModule({
     [90m    |[39m                                   [31m[1m^[22m[39m
     [90m 34 |[39m       controllers[33m:[39m [[33mPlaceController[39m][33m,[39m
     [90m 35 |[39m       providers[33m:[39m [
     [90m 36 |[39m         {[0m

      at TestingInjector.lookupComponentInParentModules (../../../node_modules/@nestjs/core/injector/injector.js:290:19)
      at TestingInjector.resolveComponentWrapper (../../../node_modules/@nestjs/testing/testing-injector.js:19:45)
      at resolveParam (../../../node_modules/@nestjs/core/injector/injector.js:140:38)
          at async Promise.all (index 1)
      at TestingInjector.resolveConstructorParams (../../../node_modules/@nestjs/core/injector/injector.js:169:27)
      at TestingInjector.loadInstance (../../../node_modules/@nestjs/core/injector/injector.js:75:13)
      at TestingInjector.loadController (../../../node_modules/@nestjs/core/injector/injector.js:94:9)
      at ../../../node_modules/@nestjs/core/injector/instance-loader.js:68:13
          at async Promise.all (index 0)
      at TestingInstanceLoader.createInstancesOfControllers (../../../node_modules/@nestjs/core/injector/instance-loader.js:67:9)
      at ../../../node_modules/@nestjs/core/injector/instance-loader.js:42:13
          at async Promise.all (index 1)
      at TestingInstanceLoader.createInstances (../../../node_modules/@nestjs/core/injector/instance-loader.js:39:9)
      at TestingInstanceLoader.createInstancesOfDependencies (../../../node_modules/@nestjs/core/injector/instance-loader.js:22:13)
      at TestingInstanceLoader.createInstancesOfDependencies (../../../node_modules/@nestjs/testing/testing-instance-loader.js:9:9)
      at TestingModuleBuilder.createInstancesOfDependencies (../../../node_modules/@nestjs/testing/testing-module.builder.js:118:9)
      at TestingModuleBuilder.compile (../../../node_modules/@nestjs/testing/testing-module.builder.js:74:9)
      at Object.<anonymous> (places/controller/place.controller.spec.ts:33:35)

  ΓùÅ PlaceController - Unit Test ΓÇ║ updatePlace ΓÇ║ should update place description

    Nest can't resolve dependencies of the PlaceController (PlaceService, ?). Please make sure that the argument GooglePlacesService at index [1] is available in 
the RootTestModule context.

    Potential solutions:
    - Is RootTestModule a valid NestJS module?
    - If GooglePlacesService is a provider, is it part of the current RootTestModule?
    - If GooglePlacesService is exported from a separate @Module, is that module imported within RootTestModule?
      @Module({
        imports: [ /* the Module containing GooglePlacesService */ ]
      })

    For more common dependency resolution issues, see: https://docs.nestjs.com/faq/common-errors

    [0m [90m 31 |[39m
     [90m 32 |[39m   beforeEach([36masync[39m () [33m=>[39m {
    [31m[1m>[22m[39m[90m 33 |[39m     [36mconst[39m module[33m:[39m [33mTestingModule[39m [33m=[39m [36mawait[39m 
[33mTest[39m[33m.[39mcreateTestingModule({
     [90m    |[39m                                   [31m[1m^[22m[39m
     [90m 34 |[39m       controllers[33m:[39m [[33mPlaceController[39m][33m,[39m
     [90m 35 |[39m       providers[33m:[39m [
     [90m 36 |[39m         {[0m

      at TestingInjector.lookupComponentInParentModules (../../../node_modules/@nestjs/core/injector/injector.js:290:19)
      at TestingInjector.resolveComponentWrapper (../../../node_modules/@nestjs/testing/testing-injector.js:19:45)
      at resolveParam (../../../node_modules/@nestjs/core/injector/injector.js:140:38)
          at async Promise.all (index 1)
      at TestingInjector.resolveConstructorParams (../../../node_modules/@nestjs/core/injector/injector.js:169:27)
      at TestingInjector.loadInstance (../../../node_modules/@nestjs/core/injector/injector.js:75:13)
      at TestingInjector.loadController (../../../node_modules/@nestjs/core/injector/injector.js:94:9)
      at ../../../node_modules/@nestjs/core/injector/instance-loader.js:68:13
          at async Promise.all (index 0)
      at TestingInstanceLoader.createInstancesOfControllers (../../../node_modules/@nestjs/core/injector/instance-loader.js:67:9)
      at ../../../node_modules/@nestjs/core/injector/instance-loader.js:42:13
          at async Promise.all (index 1)
      at TestingInstanceLoader.createInstances (../../../node_modules/@nestjs/core/injector/instance-loader.js:39:9)
      at TestingInstanceLoader.createInstancesOfDependencies (../../../node_modules/@nestjs/core/injector/instance-loader.js:22:13)
      at TestingInstanceLoader.createInstancesOfDependencies (../../../node_modules/@nestjs/testing/testing-instance-loader.js:9:9)
      at TestingModuleBuilder.createInstancesOfDependencies (../../../node_modules/@nestjs/testing/testing-module.builder.js:118:9)
      at TestingModuleBuilder.compile (../../../node_modules/@nestjs/testing/testing-module.builder.js:74:9)
      at Object.<anonymous> (places/controller/place.controller.spec.ts:33:35)

  ΓùÅ PlaceController - Unit Test ΓÇ║ updatePlace ΓÇ║ should update custom images

    Nest can't resolve dependencies of the PlaceController (PlaceService, ?). Please make sure that the argument GooglePlacesService at index [1] is available in 
the RootTestModule context.

    Potential solutions:
    - Is RootTestModule a valid NestJS module?
    - If GooglePlacesService is a provider, is it part of the current RootTestModule?
    - If GooglePlacesService is exported from a separate @Module, is that module imported within RootTestModule?
      @Module({
        imports: [ /* the Module containing GooglePlacesService */ ]
      })

    For more common dependency resolution issues, see: https://docs.nestjs.com/faq/common-errors

    [0m [90m 31 |[39m
     [90m 32 |[39m   beforeEach([36masync[39m () [33m=>[39m {
    [31m[1m>[22m[39m[90m 33 |[39m     [36mconst[39m module[33m:[39m [33mTestingModule[39m [33m=[39m [36mawait[39m 
[33mTest[39m[33m.[39mcreateTestingModule({
     [90m    |[39m                                   [31m[1m^[22m[39m
     [90m 34 |[39m       controllers[33m:[39m [[33mPlaceController[39m][33m,[39m
     [90m 35 |[39m       providers[33m:[39m [
     [90m 36 |[39m         {[0m

      at TestingInjector.lookupComponentInParentModules (../../../node_modules/@nestjs/core/injector/injector.js:290:19)
      at TestingInjector.resolveComponentWrapper (../../../node_modules/@nestjs/testing/testing-injector.js:19:45)
      at resolveParam (../../../node_modules/@nestjs/core/injector/injector.js:140:38)
          at async Promise.all (index 1)
      at TestingInjector.resolveConstructorParams (../../../node_modules/@nestjs/core/injector/injector.js:169:27)
      at TestingInjector.loadInstance (../../../node_modules/@nestjs/core/injector/injector.js:75:13)
      at TestingInjector.loadController (../../../node_modules/@nestjs/core/injector/injector.js:94:9)
      at ../../../node_modules/@nestjs/core/injector/instance-loader.js:68:13
          at async Promise.all (index 0)
      at TestingInstanceLoader.createInstancesOfControllers (../../../node_modules/@nestjs/core/injector/instance-loader.js:67:9)
      at ../../../node_modules/@nestjs/core/injector/instance-loader.js:42:13
          at async Promise.all (index 1)
      at TestingInstanceLoader.createInstances (../../../node_modules/@nestjs/core/injector/instance-loader.js:39:9)
      at TestingInstanceLoader.createInstancesOfDependencies (../../../node_modules/@nestjs/core/injector/instance-loader.js:22:13)
      at TestingInstanceLoader.createInstancesOfDependencies (../../../node_modules/@nestjs/testing/testing-instance-loader.js:9:9)
      at TestingModuleBuilder.createInstancesOfDependencies (../../../node_modules/@nestjs/testing/testing-module.builder.js:118:9)
      at TestingModuleBuilder.compile (../../../node_modules/@nestjs/testing/testing-module.builder.js:74:9)
      at Object.<anonymous> (places/controller/place.controller.spec.ts:33:35)

  ΓùÅ PlaceController - Unit Test ΓÇ║ updatePlace ΓÇ║ should throw BadRequestException if no params provided

    Nest can't resolve dependencies of the PlaceController (PlaceService, ?). Please make sure that the argument GooglePlacesService at index [1] is available in 
the RootTestModule context.

    Potential solutions:
    - Is RootTestModule a valid NestJS module?
    - If GooglePlacesService is a provider, is it part of the current RootTestModule?
    - If GooglePlacesService is exported from a separate @Module, is that module imported within RootTestModule?
      @Module({
        imports: [ /* the Module containing GooglePlacesService */ ]
      })

    For more common dependency resolution issues, see: https://docs.nestjs.com/faq/common-errors

    [0m [90m 31 |[39m
     [90m 32 |[39m   beforeEach([36masync[39m () [33m=>[39m {
    [31m[1m>[22m[39m[90m 33 |[39m     [36mconst[39m module[33m:[39m [33mTestingModule[39m [33m=[39m [36mawait[39m 
[33mTest[39m[33m.[39mcreateTestingModule({
     [90m    |[39m                                   [31m[1m^[22m[39m
     [90m 34 |[39m       controllers[33m:[39m [[33mPlaceController[39m][33m,[39m
     [90m 35 |[39m       providers[33m:[39m [
     [90m 36 |[39m         {[0m

      at TestingInjector.lookupComponentInParentModules (../../../node_modules/@nestjs/core/injector/injector.js:290:19)
      at TestingInjector.resolveComponentWrapper (../../../node_modules/@nestjs/testing/testing-injector.js:19:45)
      at resolveParam (../../../node_modules/@nestjs/core/injector/injector.js:140:38)
          at async Promise.all (index 1)
      at TestingInjector.resolveConstructorParams (../../../node_modules/@nestjs/core/injector/injector.js:169:27)
      at TestingInjector.loadInstance (../../../node_modules/@nestjs/core/injector/injector.js:75:13)
      at TestingInjector.loadController (../../../node_modules/@nestjs/core/injector/injector.js:94:9)
      at ../../../node_modules/@nestjs/core/injector/instance-loader.js:68:13
          at async Promise.all (index 0)
      at TestingInstanceLoader.createInstancesOfControllers (../../../node_modules/@nestjs/core/injector/instance-loader.js:67:9)
      at ../../../node_modules/@nestjs/core/injector/instance-loader.js:42:13
          at async Promise.all (index 1)
      at TestingInstanceLoader.createInstances (../../../node_modules/@nestjs/core/injector/instance-loader.js:39:9)
      at TestingInstanceLoader.createInstancesOfDependencies (../../../node_modules/@nestjs/core/injector/instance-loader.js:22:13)
      at TestingInstanceLoader.createInstancesOfDependencies (../../../node_modules/@nestjs/testing/testing-instance-loader.js:9:9)
      at TestingModuleBuilder.createInstancesOfDependencies (../../../node_modules/@nestjs/testing/testing-module.builder.js:118:9)
      at TestingModuleBuilder.compile (../../../node_modules/@nestjs/testing/testing-module.builder.js:74:9)
      at Object.<anonymous> (places/controller/place.controller.spec.ts:33:35)

  ΓùÅ PlaceController - Unit Test ΓÇ║ updatePlace ΓÇ║ should throw NotFoundException if place not found

    Nest can't resolve dependencies of the PlaceController (PlaceService, ?). Please make sure that the argument GooglePlacesService at index [1] is available in 
the RootTestModule context.

    Potential solutions:
    - Is RootTestModule a valid NestJS module?
    - If GooglePlacesService is a provider, is it part of the current RootTestModule?
    - If GooglePlacesService is exported from a separate @Module, is that module imported within RootTestModule?
      @Module({
        imports: [ /* the Module containing GooglePlacesService */ ]
      })

    For more common dependency resolution issues, see: https://docs.nestjs.com/faq/common-errors

    [0m [90m 31 |[39m
     [90m 32 |[39m   beforeEach([36masync[39m () [33m=>[39m {
    [31m[1m>[22m[39m[90m 33 |[39m     [36mconst[39m module[33m:[39m [33mTestingModule[39m [33m=[39m [36mawait[39m 
[33mTest[39m[33m.[39mcreateTestingModule({
     [90m    |[39m                                   [31m[1m^[22m[39m
     [90m 34 |[39m       controllers[33m:[39m [[33mPlaceController[39m][33m,[39m
     [90m 35 |[39m       providers[33m:[39m [
     [90m 36 |[39m         {[0m

      at TestingInjector.lookupComponentInParentModules (../../../node_modules/@nestjs/core/injector/injector.js:290:19)
      at TestingInjector.resolveComponentWrapper (../../../node_modules/@nestjs/testing/testing-injector.js:19:45)
      at resolveParam (../../../node_modules/@nestjs/core/injector/injector.js:140:38)
          at async Promise.all (index 1)
      at TestingInjector.resolveConstructorParams (../../../node_modules/@nestjs/core/injector/injector.js:169:27)
      at TestingInjector.loadInstance (../../../node_modules/@nestjs/core/injector/injector.js:75:13)
      at TestingInjector.loadController (../../../node_modules/@nestjs/core/injector/injector.js:94:9)
      at ../../../node_modules/@nestjs/core/injector/instance-loader.js:68:13
          at async Promise.all (index 0)
      at TestingInstanceLoader.createInstancesOfControllers (../../../node_modules/@nestjs/core/injector/instance-loader.js:67:9)
      at ../../../node_modules/@nestjs/core/injector/instance-loader.js:42:13
          at async Promise.all (index 1)
      at TestingInstanceLoader.createInstances (../../../node_modules/@nestjs/core/injector/instance-loader.js:39:9)
      at TestingInstanceLoader.createInstancesOfDependencies (../../../node_modules/@nestjs/core/injector/instance-loader.js:22:13)
      at TestingInstanceLoader.createInstancesOfDependencies (../../../node_modules/@nestjs/testing/testing-instance-loader.js:9:9)
      at TestingModuleBuilder.createInstancesOfDependencies (../../../node_modules/@nestjs/testing/testing-module.builder.js:118:9)
      at TestingModuleBuilder.compile (../../../node_modules/@nestjs/testing/testing-module.builder.js:74:9)
      at Object.<anonymous> (places/controller/place.controller.spec.ts:33:35)

  ΓùÅ PlaceController - Unit Test ΓÇ║ deletePlace ΓÇ║ should delete place

    Nest can't resolve dependencies of the PlaceController (PlaceService, ?). Please make sure that the argument GooglePlacesService at index [1] is available in 
the RootTestModule context.

    Potential solutions:
    - Is RootTestModule a valid NestJS module?
    - If GooglePlacesService is a provider, is it part of the current RootTestModule?
    - If GooglePlacesService is exported from a separate @Module, is that module imported within RootTestModule?
      @Module({
        imports: [ /* the Module containing GooglePlacesService */ ]
      })

    For more common dependency resolution issues, see: https://docs.nestjs.com/faq/common-errors

    [0m [90m 31 |[39m
     [90m 32 |[39m   beforeEach([36masync[39m () [33m=>[39m {
    [31m[1m>[22m[39m[90m 33 |[39m     [36mconst[39m module[33m:[39m [33mTestingModule[39m [33m=[39m [36mawait[39m 
[33mTest[39m[33m.[39mcreateTestingModule({
     [90m    |[39m                                   [31m[1m^[22m[39m
     [90m 34 |[39m       controllers[33m:[39m [[33mPlaceController[39m][33m,[39m
     [90m 35 |[39m       providers[33m:[39m [
     [90m 36 |[39m         {[0m

      at TestingInjector.lookupComponentInParentModules (../../../node_modules/@nestjs/core/injector/injector.js:290:19)
      at TestingInjector.resolveComponentWrapper (../../../node_modules/@nestjs/testing/testing-injector.js:19:45)
      at resolveParam (../../../node_modules/@nestjs/core/injector/injector.js:140:38)
          at async Promise.all (index 1)
      at TestingInjector.resolveConstructorParams (../../../node_modules/@nestjs/core/injector/injector.js:169:27)
      at TestingInjector.loadInstance (../../../node_modules/@nestjs/core/injector/injector.js:75:13)
      at TestingInjector.loadController (../../../node_modules/@nestjs/core/injector/injector.js:94:9)
      at ../../../node_modules/@nestjs/core/injector/instance-loader.js:68:13
          at async Promise.all (index 0)
      at TestingInstanceLoader.createInstancesOfControllers (../../../node_modules/@nestjs/core/injector/instance-loader.js:67:9)
      at ../../../node_modules/@nestjs/core/injector/instance-loader.js:42:13
          at async Promise.all (index 1)
      at TestingInstanceLoader.createInstances (../../../node_modules/@nestjs/core/injector/instance-loader.js:39:9)
      at TestingInstanceLoader.createInstancesOfDependencies (../../../node_modules/@nestjs/core/injector/instance-loader.js:22:13)
      at TestingInstanceLoader.createInstancesOfDependencies (../../../node_modules/@nestjs/testing/testing-instance-loader.js:9:9)
      at TestingModuleBuilder.createInstancesOfDependencies (../../../node_modules/@nestjs/testing/testing-module.builder.js:118:9)
      at TestingModuleBuilder.compile (../../../node_modules/@nestjs/testing/testing-module.builder.js:74:9)
      at Object.<anonymous> (places/controller/place.controller.spec.ts:33:35)

  ΓùÅ PlaceController - Unit Test ΓÇ║ deletePlace ΓÇ║ should throw BadRequestException if no params provided

    Nest can't resolve dependencies of the PlaceController (PlaceService, ?). Please make sure that the argument GooglePlacesService at index [1] is available in 
the RootTestModule context.

    Potential solutions:
    - Is RootTestModule a valid NestJS module?
    - If GooglePlacesService is a provider, is it part of the current RootTestModule?
    - If GooglePlacesService is exported from a separate @Module, is that module imported within RootTestModule?
      @Module({
        imports: [ /* the Module containing GooglePlacesService */ ]
      })

    For more common dependency resolution issues, see: https://docs.nestjs.com/faq/common-errors

    [0m [90m 31 |[39m
     [90m 32 |[39m   beforeEach([36masync[39m () [33m=>[39m {
    [31m[1m>[22m[39m[90m 33 |[39m     [36mconst[39m module[33m:[39m [33mTestingModule[39m [33m=[39m [36mawait[39m 
[33mTest[39m[33m.[39mcreateTestingModule({
     [90m    |[39m                                   [31m[1m^[22m[39m
     [90m 34 |[39m       controllers[33m:[39m [[33mPlaceController[39m][33m,[39m
     [90m 35 |[39m       providers[33m:[39m [
     [90m 36 |[39m         {[0m

      at TestingInjector.lookupComponentInParentModules (../../../node_modules/@nestjs/core/injector/injector.js:290:19)
      at TestingInjector.resolveComponentWrapper (../../../node_modules/@nestjs/testing/testing-injector.js:19:45)
      at resolveParam (../../../node_modules/@nestjs/core/injector/injector.js:140:38)
          at async Promise.all (index 1)
      at TestingInjector.resolveConstructorParams (../../../node_modules/@nestjs/core/injector/injector.js:169:27)
      at TestingInjector.loadInstance (../../../node_modules/@nestjs/core/injector/injector.js:75:13)
      at TestingInjector.loadController (../../../node_modules/@nestjs/core/injector/injector.js:94:9)
      at ../../../node_modules/@nestjs/core/injector/instance-loader.js:68:13
          at async Promise.all (index 0)
      at TestingInstanceLoader.createInstancesOfControllers (../../../node_modules/@nestjs/core/injector/instance-loader.js:67:9)
      at ../../../node_modules/@nestjs/core/injector/instance-loader.js:42:13
          at async Promise.all (index 1)
      at TestingInstanceLoader.createInstances (../../../node_modules/@nestjs/core/injector/instance-loader.js:39:9)
      at TestingInstanceLoader.createInstancesOfDependencies (../../../node_modules/@nestjs/core/injector/instance-loader.js:22:13)
      at TestingInstanceLoader.createInstancesOfDependencies (../../../node_modules/@nestjs/testing/testing-instance-loader.js:9:9)
      at TestingModuleBuilder.createInstancesOfDependencies (../../../node_modules/@nestjs/testing/testing-module.builder.js:118:9)
      at TestingModuleBuilder.compile (../../../node_modules/@nestjs/testing/testing-module.builder.js:74:9)
      at Object.<anonymous> (places/controller/place.controller.spec.ts:33:35)

  ΓùÅ PlaceController - Unit Test ΓÇ║ deletePlace ΓÇ║ should throw NotFoundException if place not found

    Nest can't resolve dependencies of the PlaceController (PlaceService, ?). Please make sure that the argument GooglePlacesService at index [1] is available in 
the RootTestModule context.

    Potential solutions:
    - Is RootTestModule a valid NestJS module?
    - If GooglePlacesService is a provider, is it part of the current RootTestModule?
    - If GooglePlacesService is exported from a separate @Module, is that module imported within RootTestModule?
      @Module({
        imports: [ /* the Module containing GooglePlacesService */ ]
      })

    For more common dependency resolution issues, see: https://docs.nestjs.com/faq/common-errors

    [0m [90m 31 |[39m
     [90m 32 |[39m   beforeEach([36masync[39m () [33m=>[39m {
    [31m[1m>[22m[39m[90m 33 |[39m     [36mconst[39m module[33m:[39m [33mTestingModule[39m [33m=[39m [36mawait[39m 
[33mTest[39m[33m.[39mcreateTestingModule({
     [90m    |[39m                                   [31m[1m^[22m[39m
     [90m 34 |[39m       controllers[33m:[39m [[33mPlaceController[39m][33m,[39m
     [90m 35 |[39m       providers[33m:[39m [
     [90m 36 |[39m         {[0m

      at TestingInjector.lookupComponentInParentModules (../../../node_modules/@nestjs/core/injector/injector.js:290:19)
      at TestingInjector.resolveComponentWrapper (../../../node_modules/@nestjs/testing/testing-injector.js:19:45)
      at resolveParam (../../../node_modules/@nestjs/core/injector/injector.js:140:38)
          at async Promise.all (index 1)
      at TestingInjector.resolveConstructorParams (../../../node_modules/@nestjs/core/injector/injector.js:169:27)
      at TestingInjector.loadInstance (../../../node_modules/@nestjs/core/injector/injector.js:75:13)
      at TestingInjector.loadController (../../../node_modules/@nestjs/core/injector/injector.js:94:9)
      at ../../../node_modules/@nestjs/core/injector/instance-loader.js:68:13
          at async Promise.all (index 0)
      at TestingInstanceLoader.createInstancesOfControllers (../../../node_modules/@nestjs/core/injector/instance-loader.js:67:9)
      at ../../../node_modules/@nestjs/core/injector/instance-loader.js:42:13
          at async Promise.all (index 1)
      at TestingInstanceLoader.createInstances (../../../node_modules/@nestjs/core/injector/instance-loader.js:39:9)
      at TestingInstanceLoader.createInstancesOfDependencies (../../../node_modules/@nestjs/core/injector/instance-loader.js:22:13)
      at TestingInstanceLoader.createInstancesOfDependencies (../../../node_modules/@nestjs/testing/testing-instance-loader.js:9:9)
      at TestingModuleBuilder.createInstancesOfDependencies (../../../node_modules/@nestjs/testing/testing-module.builder.js:118:9)
      at TestingModuleBuilder.compile (../../../node_modules/@nestjs/testing/testing-module.builder.js:74:9)
      at Object.<anonymous> (places/controller/place.controller.spec.ts:33:35)


Test Suites: 2 failed, 22 passed, 24 total
Tests:       31 failed, 259 passed, 290 total
Snapshots:   0 total
Time:        8.092 s
Ran all test suites.
npm error Lifecycle script `test` failed with error:
npm error code 1
npm error path C:\Users\jucan\Documents\GitHub\next-stop\apps\backend
npm error workspace backend@0.0.1
npm error location C:\Users\jucan\Documents\GitHub\next-stop\apps\backend
npm error command failed
npm error command C:\WINDOWS\system32\cmd.exe /d /s /c jest
